Archive member included to satisfy reference by file (symbol)

app/libapp.a(main.c.obj)      (--whole-archive)
zephyr/libzephyr.a(cbprintf.c.obj)
                              (--whole-archive)
zephyr/libzephyr.a(crc32_sw.c.obj)
                              (--whole-archive)
zephyr/libzephyr.a(crc16_sw.c.obj)
                              (--whole-archive)
zephyr/libzephyr.a(crc8_sw.c.obj)
                              (--whole-archive)
zephyr/libzephyr.a(crc7_sw.c.obj)
                              (--whole-archive)
zephyr/libzephyr.a(dec.c.obj)
                              (--whole-archive)
zephyr/libzephyr.a(fdtable.c.obj)
                              (--whole-archive)
zephyr/libzephyr.a(hex.c.obj)
                              (--whole-archive)
zephyr/libzephyr.a(mempool.c.obj)
                              (--whole-archive)
zephyr/libzephyr.a(notify.c.obj)
                              (--whole-archive)
zephyr/libzephyr.a(printk.c.obj)
                              (--whole-archive)
zephyr/libzephyr.a(onoff.c.obj)
                              (--whole-archive)
zephyr/libzephyr.a(rb.c.obj)  (--whole-archive)
zephyr/libzephyr.a(sem.c.obj)
                              (--whole-archive)
zephyr/libzephyr.a(thread_entry.c.obj)
                              (--whole-archive)
zephyr/libzephyr.a(timeutil.c.obj)
                              (--whole-archive)
zephyr/libzephyr.a(work_q.c.obj)
                              (--whole-archive)
zephyr/libzephyr.a(heap.c.obj)
                              (--whole-archive)
zephyr/libzephyr.a(heap-validate.c.obj)
                              (--whole-archive)
zephyr/libzephyr.a(cbprintf_complete.c.obj)
                              (--whole-archive)
zephyr/libzephyr.a(configs.c.obj)
                              (--whole-archive)
zephyr/libzephyr.a(validate_base_addresses.c.obj)
                              (--whole-archive)
zephyr/libzephyr.a(validate_enabled_instances.c.obj)
                              (--whole-archive)
zephyr/libzephyr.a(power.c.obj)
                              (--whole-archive)
zephyr/libzephyr.a(reboot.c.obj)
                              (--whole-archive)
zephyr/libzephyr.a(policy_residency.c.obj)
                              (--whole-archive)
zephyr/libzephyr.a(uart_console.c.obj)
                              (--whole-archive)
zephyr/libzephyr.a(clock_control_nrf.c.obj)
                              (--whole-archive)
zephyr/libzephyr.a(sys_clock_init.c.obj)
                              (--whole-archive)
zephyr/libzephyr.a(nrf_rtc_timer.c.obj)
                              (--whole-archive)
zephyr/libzephyr.a(SEGGER_RTT.c.obj)
                              (--whole-archive)
zephyr/libzephyr.a(SEGGER_RTT_zephyr.c.obj)
                              (--whole-archive)
zephyr/arch/common/libarch__common.a(sw_isr_common.c.obj)
                              (--whole-archive)
zephyr/arch/arch/arm/core/aarch32/libarch__arm__core__aarch32.a(swap.c.obj)
                              (--whole-archive)
zephyr/arch/arch/arm/core/aarch32/libarch__arm__core__aarch32.a(irq_manage.c.obj)
                              (--whole-archive)
zephyr/arch/arch/arm/core/aarch32/libarch__arm__core__aarch32.a(thread.c.obj)
                              (--whole-archive)
zephyr/arch/arch/arm/core/aarch32/libarch__arm__core__aarch32.a(fatal.c.obj)
                              (--whole-archive)
zephyr/arch/arch/arm/core/aarch32/libarch__arm__core__aarch32.a(nmi.c.obj)
                              (--whole-archive)
zephyr/arch/arch/arm/core/aarch32/libarch__arm__core__aarch32.a(prep_c.c.obj)
                              (--whole-archive)
zephyr/arch/arch/arm/core/aarch32/libarch__arm__core__aarch32.a(swap_helper.S.obj)
                              (--whole-archive)
zephyr/arch/arch/arm/core/aarch32/libarch__arm__core__aarch32.a(cpu_idle.S.obj)
                              (--whole-archive)
zephyr/arch/arch/arm/core/aarch32/libarch__arm__core__aarch32.a(nmi_on_reset.S.obj)
                              (--whole-archive)
zephyr/arch/arch/arm/core/aarch32/libarch__arm__core__aarch32.a(isr_wrapper.S.obj)
                              (--whole-archive)
zephyr/arch/arch/arm/core/aarch32/cortex_m/libarch__arm__core__aarch32__cortex_m.a(vector_table.S.obj)
                              (--whole-archive)
zephyr/arch/arch/arm/core/aarch32/cortex_m/libarch__arm__core__aarch32__cortex_m.a(reset.S.obj)
                              (--whole-archive)
zephyr/arch/arch/arm/core/aarch32/cortex_m/libarch__arm__core__aarch32__cortex_m.a(fault_s.S.obj)
                              (--whole-archive)
zephyr/arch/arch/arm/core/aarch32/cortex_m/libarch__arm__core__aarch32__cortex_m.a(exc_exit.S.obj)
                              (--whole-archive)
zephyr/arch/arch/arm/core/aarch32/cortex_m/libarch__arm__core__aarch32__cortex_m.a(fault.c.obj)
                              (--whole-archive)
zephyr/arch/arch/arm/core/aarch32/cortex_m/libarch__arm__core__aarch32__cortex_m.a(scb.c.obj)
[...]
Memory Configuration

Name             Origin             Length             Attributes
FLASH            0x0000000000000000 0x0000000000080000 xr
SRAM             0x0000000020000000 0x0000000000010000 xw
IDT_LIST         0x0000000020010000 0x0000000000000800 xw
*default*        0x0000000000000000 0xffffffffffffffff

Linker script and memory map

LOAD zephyr/CMakeFiles/zephyr_prebuilt.dir/misc/empty_file.c.obj
                0x0000000000000020                _region_min_align = 0x20

.rel.plt        0x0000000000000000        0x0
 *(SORT_BY_ALIGNMENT(.rel.plt))
                [!provide]                        PROVIDE (__rel_iplt_start = .)
 *(SORT_BY_ALIGNMENT(.rel.iplt))
 .rel.iplt      0x0000000000000000        0x0 app/libapp.a(main.c.obj)
                [!provide]                        PROVIDE (__rel_iplt_end = .)

.rela.plt       0x0000000000000000        0x0
 *(SORT_BY_ALIGNMENT(.rela.plt))
                [!provide]                        PROVIDE (__rela_iplt_start = .)
 *(SORT_BY_ALIGNMENT(.rela.iplt))
                [!provide]                        PROVIDE (__rela_iplt_end = .)

.rel.dyn
 *(SORT_BY_ALIGNMENT(.rel.*))

.rela.dyn
 *(SORT_BY_ALIGNMENT(.rela.*))

/DISCARD/
 *(SORT_BY_ALIGNMENT(.plt))
 *(SORT_BY_ALIGNMENT(.iplt))
 *(SORT_BY_ALIGNMENT(.got.plt))
 *(SORT_BY_ALIGNMENT(.igot.plt))
 *(SORT_BY_ALIGNMENT(.got))
 *(SORT_BY_ALIGNMENT(.igot))
 *(SORT_BY_ALIGNMENT(.note.GNU-stack))
                0x0000000000000000                _image_rom_start = 0x0

rom_start       0x0000000000000000       0xdc
                0x0000000000000000                . = 0x0
                0x0000000000000000                . = ALIGN (0x4)
                0x0000000000000000                . = ALIGN (0x80)
                0x0000000000000000                . = ALIGN (0x100)
                0x0000000000000000                _vector_start = .
 *(SORT_BY_ALIGNMENT(.exc_vector_table))
 *(SORT_BY_ALIGNMENT(.exc_vector_table.*))
 .exc_vector_table._vector_table_section
                0x0000000000000000       0x40 zephyr/arch/arch/arm/core/aarch32/cortex_m/libarch__arm__core__aarch32__cortex_m.a(vector_table.S.obj)
                0x0000000000000000                _vector_table
 *(SORT_BY_ALIGNMENT(.gnu.linkonce.irq_vector_table*))
 .gnu.linkonce.irq_vector_table*
                0x0000000000000040       0x9c zephyr/arch/common/libisr_tables.a(isr_tables.c.obj)
                0x0000000000000040                _irq_vector_table
 *(SORT_BY_ALIGNMENT(.vectors))
                0x00000000000000dc                _vector_end = .
 *(SORT_BY_ALIGNMENT(.openocd_dbg))
 *(SORT_BY_ALIGNMENT(.openocd_dbg.*))

text            0x00000000000000e0     0x5498
                0x00000000000000e0                _image_text_start = .
 *(SORT_BY_ALIGNMENT(.text))
 .text          0x00000000000000e0      0x378 /opt/gnuarmemb/bin/../lib/gcc/arm-none-eabi/9.2.1/thumb/v7e-m/nofp/libgcc.a(_arm_addsubdf3.o)
                0x00000000000000e0                __aeabi_drsub
                0x00000000000000e8                __aeabi_dsub
                0x00000000000000e8                __subdf3
                0x00000000000000ec                __adddf3
                0x00000000000000ec                __aeabi_dadd
                0x0000000000000364                __aeabi_ui2d
                0x0000000000000364                __floatunsidf
                0x0000000000000384                __floatsidf
                0x0000000000000384                __aeabi_i2d
                0x00000000000003a8                __extendsfdf2
                0x00000000000003a8                __aeabi_f2d
                0x00000000000003ec                __aeabi_ul2d
                0x00000000000003ec                __floatundidf
                0x00000000000003fc                __floatdidf
                0x00000000000003fc                __aeabi_l2d
 .text          0x0000000000000458      0x424 /opt/gnuarmemb/bin/../lib/gcc/arm-none-eabi/9.2.1/thumb/v7e-m/nofp/libgcc.a(_arm_muldivdf3.o)
                0x0000000000000458                __aeabi_dmul
                0x0000000000000458                __muldf3
                0x00000000000006ac                __aeabi_ddiv
                0x00000000000006ac                __divdf3
 .text          0x000000000000087c       0xa0 /opt/gnuarmemb/bin/../lib/gcc/arm-none-eabi/9.2.1/thumb/v7e-m/nofp/libgcc.a(_arm_truncdfsf2.o)
                0x000000000000087c                __aeabi_d2f
                0x000000000000087c                __truncdfsf2
 .text          0x000000000000091c       0x30 /opt/gnuarmemb/bin/../lib/gcc/arm-none-eabi/9.2.1/thumb/v7e-m/nofp/libgcc.a(_aeabi_uldivmod.o)
                0x000000000000091c                __aeabi_uldivmod
 .text          0x000000000000094c      0x2c0 /opt/gnuarmemb/bin/../lib/gcc/arm-none-eabi/9.2.1/thumb/v7e-m/nofp/libgcc.a(_udivmoddi4.o)
                0x000000000000094c                __udivmoddi4
 .text          0x0000000000000c0c        0x4 /opt/gnuarmemb/bin/../lib/gcc/arm-none-eabi/9.2.1/thumb/v7e-m/nofp/libgcc.a(_dvmd_tls.o)
                0x0000000000000c0c                __aeabi_ldiv0
                0x0000000000000c0c                __aeabi_idiv0
 *(SORT_BY_ALIGNMENT(.text.*))
 .text.input_read
                0x0000000000000c10      0x1c4 app/libapp.a(main.c.obj)
                0x0000000000000c10                input_read
 .text.init_mpu
                0x0000000000000dd4       0x20 app/libapp.a(main.c.obj)
                0x0000000000000dd4                init_mpu
 .text.main     0x0000000000000df4       0x94 app/libapp.a(main.c.obj)
                0x0000000000000df4                main
 .text.char_out
                0x0000000000000e88       0x10 zephyr/libzephyr.a(printk.c.obj)
 .text.__printk_hook_install
                0x0000000000000e98        0xc zephyr/libzephyr.a(printk.c.obj)
                0x0000000000000e98                __printk_hook_install
 .text.vprintk  0x0000000000000ea4       0x1c zephyr/libzephyr.a(printk.c.obj)
                0x0000000000000ea4                vprintk
 .text.process_event
                0x0000000000000ec0      0x1cc zephyr/libzephyr.a(onoff.c.obj)
 .text.extract_conversion
                0x000000000000108c      0x2f0 zephyr/libzephyr.a(cbprintf_complete.c.obj)
 .text.cbvprintf
                0x000000000000137c      0x94c zephyr/libzephyr.a(cbprintf_complete.c.obj)
                0x000000000000137c                cbvprintf
 .text.uart_console_init
                0x0000000000001cc8       0x2c zephyr/libzephyr.a(uart_console.c.obj)
 .text.console_out
                0x0000000000001cf4       0x28 zephyr/libzephyr.a(uart_console.c.obj)
 .text.onoff_stop
                0x0000000000001d1c       0x48 zephyr/libzephyr.a(clock_control_nrf.c.obj)
 .text.onoff_start
                0x0000000000001d64       0x58 zephyr/libzephyr.a(clock_control_nrf.c.obj)
 .text.clk_init
                0x0000000000001dbc       0x60 zephyr/libzephyr.a(clock_control_nrf.c.obj)
 .text.clkstarted_handle.constprop.0
                0x0000000000001e1c       0x34 zephyr/libzephyr.a(clock_control_nrf.c.obj)
 .text.clock_event_handler
                0x0000000000001e50       0x1c zephyr/libzephyr.a(clock_control_nrf.c.obj)
 .text.generic_hfclk_start
                0x0000000000001e6c       0x64 zephyr/libzephyr.a(clock_control_nrf.c.obj)
 .text.lfclk_start
                0x0000000000001ed0       0x24 zephyr/libzephyr.a(clock_control_nrf.c.obj)
 .text.generic_hfclk_stop
                0x0000000000001ef4       0x2c zephyr/libzephyr.a(clock_control_nrf.c.obj)
 .text.api_blocking_start
                0x0000000000001f20       0x34 zephyr/libzephyr.a(clock_control_nrf.c.obj)
 .text.z_nrf_clock_control_lf_on
                0x0000000000001f54      0x10c zephyr/libzephyr.a(clock_control_nrf.c.obj)
                0x0000000000001f54                z_nrf_clock_control_lf_on
 .text.handle_next_cycle_case
                0x0000000000002060       0x28 zephyr/libzephyr.a(nrf_rtc_timer.c.obj)
 .text.rtc_nrf_isr
                0x0000000000002088       0x2c zephyr/libzephyr.a(nrf_rtc_timer.c.obj)
                0x0000000000002088                rtc_nrf_isr
 .text.z_clock_driver_init
                0x00000000000020b4       0x54 zephyr/libzephyr.a(nrf_rtc_timer.c.obj)
                0x00000000000020b4                z_clock_driver_init
 .text.z_clock_set_timeout
                0x0000000000002108       0xcc zephyr/libzephyr.a(nrf_rtc_timer.c.obj)
                0x0000000000002108                z_clock_set_timeout
 .text.z_clock_elapsed
                0x00000000000021d4       0x34 zephyr/libzephyr.a(nrf_rtc_timer.c.obj)
                0x00000000000021d4                z_clock_elapsed
 .text._DoInit  0x0000000000002208       0x60 zephyr/libzephyr.a(SEGGER_RTT.c.obj)
 .text.arch_swap
                0x0000000000002268       0x34 zephyr/arch/arch/arm/core/aarch32/libarch__arm__core__aarch32.a(swap.c.obj)
                0x0000000000002268                arch_swap
 .text.arch_irq_enable
                0x000000000000229c       0x20 zephyr/arch/arch/arm/core/aarch32/libarch__arm__core__aarch32.a(irq_manage.c.obj)
                0x000000000000229c                arch_irq_enable
 .text.arch_irq_is_enabled
                0x00000000000022bc       0x1c zephyr/arch/arch/arm/core/aarch32/libarch__arm__core__aarch32.a(irq_manage.c.obj)
                0x00000000000022bc                arch_irq_is_enabled
 .text.z_arm_irq_priority_set
                0x00000000000022d8       0x30 zephyr/arch/arch/arm/core/aarch32/libarch__arm__core__aarch32.a(irq_manage.c.obj)
                0x00000000000022d8                z_arm_irq_priority_set
 .text.arch_new_thread
                0x0000000000002308       0x38 zephyr/arch/arch/arm/core/aarch32/libarch__arm__core__aarch32.a(thread.c.obj)
                0x0000000000002308                arch_new_thread
 .text.z_check_thread_stack_fail
                0x0000000000002340       0x34 zephyr/arch/arch/arm/core/aarch32/libarch__arm__core__aarch32.a(thread.c.obj)
                0x0000000000002340                z_check_thread_stack_fail
 .text.arch_switch_to_main_thread
                0x0000000000002374       0x34 zephyr/arch/arch/arm/core/aarch32/libarch__arm__core__aarch32.a(thread.c.obj)
                0x0000000000002374                arch_switch_to_main_thread
 .text.z_arm_prep_c
                0x00000000000023a8       0x44 zephyr/arch/arch/arm/core/aarch32/libarch__arm__core__aarch32.a(prep_c.c.obj)
                0x00000000000023a8                z_arm_prep_c
 .text.z_arm_pendsv
                0x00000000000023ec       0x54 zephyr/arch/arch/arm/core/aarch32/libarch__arm__core__aarch32.a(swap_helper.S.obj)
                0x00000000000023ec                z_arm_pendsv
 .text.z_arm_svc
                0x0000000000002440       0x20 zephyr/arch/arch/arm/core/aarch32/libarch__arm__core__aarch32.a(swap_helper.S.obj)
                0x0000000000002440                z_arm_svc
 .text.z_arm_cpu_idle_init
                0x0000000000002460        0xc zephyr/arch/arch/arm/core/aarch32/libarch__arm__core__aarch32.a(cpu_idle.S.obj)
                0x0000000000002460                z_arm_cpu_idle_init
 .text.arch_cpu_idle
                0x000000000000246c       0x1c zephyr/arch/arch/arm/core/aarch32/libarch__arm__core__aarch32.a(cpu_idle.S.obj)
                0x000000000000246c                arch_cpu_idle
 .text.arch_cpu_atomic_idle
                0x0000000000002488       0x14 zephyr/arch/arch/arm/core/aarch32/libarch__arm__core__aarch32.a(cpu_idle.S.obj)
                0x0000000000002488                arch_cpu_atomic_idle
 .text.z_SysNmiOnReset
                0x000000000000249c        0x8 zephyr/arch/arch/arm/core/aarch32/libarch__arm__core__aarch32.a(nmi_on_reset.S.obj)
                0x000000000000249c                z_SysNmiOnReset
 .text._isr_wrapper
                0x00000000000024a4       0x40 zephyr/arch/arch/arm/core/aarch32/libarch__arm__core__aarch32.a(isr_wrapper.S.obj)
                0x00000000000024a4                _isr_wrapper
 .text._reset_section
                0x00000000000024e4       0x30 zephyr/arch/arch/arm/core/aarch32/cortex_m/libarch__arm__core__aarch32__cortex_m.a(reset.S.obj)
                0x00000000000024e4                z_arm_reset
                0x00000000000024e4                __start
 .text.__fault  0x0000000000002514       0x14 zephyr/arch/arch/arm/core/aarch32/cortex_m/libarch__arm__core__aarch32__cortex_m.a(fault_s.S.obj)
                0x0000000000002514                z_arm_bus_fault
                0x0000000000002514                z_arm_usage_fault
                0x0000000000002514                z_arm_mpu_fault
                0x0000000000002514                z_arm_exc_spurious
                0x0000000000002514                z_arm_debug_monitor
                0x0000000000002514                z_arm_hard_fault
 .text._HandlerModeExit
                0x0000000000002528       0x1c zephyr/arch/arch/arm/core/aarch32/cortex_m/libarch__arm__core__aarch32__cortex_m.a(exc_exit.S.obj)
                0x0000000000002528                z_arm_exc_exit
                0x0000000000002528                z_arm_int_exit
 .text.mem_manage_fault
                0x0000000000002544       0x64 zephyr/arch/arch/arm/core/aarch32/cortex_m/libarch__arm__core__aarch32__cortex_m.a(fault.c.obj)
 .text.bus_fault.isra.0
                0x00000000000025a8       0x3c zephyr/arch/arch/arm/core/aarch32/cortex_m/libarch__arm__core__aarch32__cortex_m.a(fault.c.obj)
 .text.usage_fault.isra.0
                0x00000000000025e4       0x24 zephyr/arch/arch/arm/core/aarch32/cortex_m/libarch__arm__core__aarch32__cortex_m.a(fault.c.obj)
 .text.z_arm_fault
                0x0000000000002608       0xec zephyr/arch/arch/arm/core/aarch32/cortex_m/libarch__arm__core__aarch32__cortex_m.a(fault.c.obj)
                0x0000000000002608                z_arm_fault
 .text.z_arm_fault_init
                0x00000000000026f4       0x10 zephyr/arch/arch/arm/core/aarch32/cortex_m/libarch__arm__core__aarch32__cortex_m.a(fault.c.obj)
                0x00000000000026f4                z_arm_fault_init
 .text.z_arm_interrupt_init
                0x0000000000002704       0x18 zephyr/arch/arch/arm/core/aarch32/cortex_m/libarch__arm__core__aarch32__cortex_m.a(irq_init.c.obj)
                0x0000000000002704                z_arm_interrupt_init
 .text.z_impl_k_thread_abort
                0x000000000000271c       0x44 zephyr/arch/arch/arm/core/aarch32/cortex_m/libarch__arm__core__aarch32__cortex_m.a(thread_abort.c.obj)
                0x000000000000271c                z_impl_k_thread_abort
 .text.z_arm_configure_static_mpu_regions
                0x0000000000002760       0x38 zephyr/arch/arch/arm/core/aarch32/cortex_m/mpu/libarch__arm__core__aarch32__cortex_m__mpu.a(arm_core_mpu.c.obj)
                0x0000000000002760                z_arm_configure_static_mpu_regions
 .text.z_arm_configure_dynamic_mpu_regions
                0x0000000000002798       0x28 zephyr/arch/arch/arm/core/aarch32/cortex_m/mpu/libarch__arm__core__aarch32__cortex_m__mpu.a(arm_core_mpu.c.obj)
                0x0000000000002798                z_arm_configure_dynamic_mpu_regions
 .text.mpu_configure_regions
                0x00000000000027c0       0x8c zephyr/arch/arch/arm/core/aarch32/cortex_m/mpu/libarch__arm__core__aarch32__cortex_m__mpu.a(arm_mpu.c.obj)
 .text.arm_core_mpu_enable
                0x000000000000284c       0x14 zephyr/arch/arch/arm/core/aarch32/cortex_m/mpu/libarch__arm__core__aarch32__cortex_m__mpu.a(arm_mpu.c.obj)
                0x000000000000284c                arm_core_mpu_enable
 .text.arm_core_mpu_disable
                0x0000000000002860       0x10 zephyr/arch/arch/arm/core/aarch32/cortex_m/mpu/libarch__arm__core__aarch32__cortex_m__mpu.a(arm_mpu.c.obj)
                0x0000000000002860                arm_core_mpu_disable
 .text.arm_mpu_init
                0x0000000000002870       0x5c zephyr/arch/arch/arm/core/aarch32/cortex_m/mpu/libarch__arm__core__aarch32__cortex_m__mpu.a(arm_mpu.c.obj)
 .text.arm_core_mpu_configure_static_mpu_regions
                0x00000000000028cc       0x14 zephyr/arch/arch/arm/core/aarch32/cortex_m/mpu/libarch__arm__core__aarch32__cortex_m__mpu.a(arm_mpu.c.obj)
                0x00000000000028cc                arm_core_mpu_configure_static_mpu_regions
 .text.arm_core_mpu_configure_dynamic_mpu_regions
                0x00000000000028e0       0x2c zephyr/arch/arch/arm/core/aarch32/cortex_m/mpu/libarch__arm__core__aarch32__cortex_m__mpu.a(arm_mpu.c.obj)
                0x00000000000028e0                arm_core_mpu_configure_dynamic_mpu_regions
 .text.__stdout_hook_install
                0x000000000000290c        0xc zephyr/lib/libc/minimal/liblib__libc__minimal.a(stdout_console.c.obj)
                0x000000000000290c                __stdout_hook_install
 .text.z_impl_zephyr_fputc
                0x0000000000002918       0x18 zephyr/lib/libc/minimal/liblib__libc__minimal.a(stdout_console.c.obj)
                0x0000000000002918                z_impl_zephyr_fputc
 .text.printf   0x0000000000002930       0x24 zephyr/lib/libc/minimal/liblib__libc__minimal.a(fprintf.c.obj)
                0x0000000000002930                printf
 .text.nordicsemi_nrf52_init
                0x0000000000002954       0x30 zephyr/soc/arm/nordic_nrf/nrf52/libsoc__arm__nordic_nrf__nrf52.a(soc.c.obj)
 .text.sys_arch_reboot
                0x0000000000002984       0x2c zephyr/soc/arm/nordic_nrf/nrf52/libsoc__arm__nordic_nrf__nrf52.a(soc.c.obj)
                0x0000000000002984                sys_arch_reboot
 .text.arch_busy_wait
                0x00000000000029b0       0x14 zephyr/soc/arm/nordic_nrf/nrf52/libsoc__arm__nordic_nrf__nrf52.a(soc.c.obj)
                0x00000000000029b0                arch_busy_wait
 .text.gpio_nrfx_init
                0x00000000000029c4       0x30 zephyr/drivers/gpio/libdrivers__gpio.a(gpio_nrfx.c.obj)
 .text.gpio_nrfx_config
                0x00000000000029f4       0xb8 zephyr/drivers/gpio/libdrivers__gpio.a(gpio_nrfx.c.obj)
 .text.gpio_nrfx_pin_interrupt_configure
                0x0000000000002aac      0x1d0 zephyr/drivers/gpio/libdrivers__gpio.a(gpio_nrfx.c.obj)
 .text.gpiote_event_handler
                0x0000000000002c7c      0x114 zephyr/drivers/gpio/libdrivers__gpio.a(gpio_nrfx.c.obj)
 .text.twi_0_init
                0x0000000000002d90       0x34 zephyr/drivers/i2c/libdrivers__i2c.a(i2c_nrfx_twi.c.obj)
 .text.event_handler
                0x0000000000002dc4       0x34 zephyr/drivers/i2c/libdrivers__i2c.a(i2c_nrfx_twi.c.obj)
 .text.i2c_nrfx_twi_transfer
                0x0000000000002df8       0xe8 zephyr/drivers/i2c/libdrivers__i2c.a(i2c_nrfx_twi.c.obj)
 .text.uarte_nrfx_configure
                0x0000000000002ee0      0x160 zephyr/drivers/serial/libdrivers__serial.a(uart_nrfx_uarte.c.obj)
 .text.uarte_nrfx_poll_out
                0x0000000000003040       0xb8 zephyr/drivers/serial/libdrivers__serial.a(uart_nrfx_uarte.c.obj)
 .text.uarte_0_init
                0x00000000000030f8       0xf8 zephyr/drivers/serial/libdrivers__serial.a(uart_nrfx_uarte.c.obj)
 .text.nrf52_errata_12
                0x00000000000031f0       0x1c modules/nordic/lib..__modules__hal__nordic.a(system_nrf52.c.obj)
 .text.nrf52_errata_16
                0x000000000000320c       0x2c modules/nordic/lib..__modules__hal__nordic.a(system_nrf52.c.obj)
 .text.nvmc_wait
                0x0000000000003238       0x10 modules/nordic/lib..__modules__hal__nordic.a(system_nrf52.c.obj)
                0x0000000000003238                nvmc_wait
 .text.SystemInit
                0x0000000000003248      0x244 modules/nordic/lib..__modules__hal__nordic.a(system_nrf52.c.obj)
                0x0000000000003248                SystemInit
 .text.nrfx_clock_init
                0x000000000000348c       0x20 modules/nordic/lib..__modules__hal__nordic.a(nrfx_clock.c.obj)
                0x000000000000348c                nrfx_clock_init
 .text.nrfx_clock_start
                0x00000000000034ac       0x98 modules/nordic/lib..__modules__hal__nordic.a(nrfx_clock.c.obj)
                0x00000000000034ac                nrfx_clock_start
 .text.nrfx_clock_stop
                0x0000000000003544       0x8c modules/nordic/lib..__modules__hal__nordic.a(nrfx_clock.c.obj)
                0x0000000000003544                nrfx_clock_stop
 .text.nrfx_power_clock_irq_handler
                0x00000000000035d0       0x68 modules/nordic/lib..__modules__hal__nordic.a(nrfx_clock.c.obj)
                0x00000000000035d0                nrfx_power_clock_irq_handler
 .text.nrfx_ppi_channel_alloc
                0x0000000000003638       0x68 modules/nordic/lib..__modules__hal__nordic.a(nrfx_ppi.c.obj)
                0x0000000000003638                nrfx_ppi_channel_alloc
 .text.twi_rx_start_transfer
                0x00000000000036a0       0xe8 modules/nordic/lib..__modules__hal__nordic.a(nrfx_twi.c.obj)
 .text.twi_tx_start_transfer
                0x0000000000003788       0xd8 modules/nordic/lib..__modules__hal__nordic.a(nrfx_twi.c.obj)
 .text.nrfx_twi_init
                0x0000000000003860       0x90 modules/nordic/lib..__modules__hal__nordic.a(nrfx_twi.c.obj)
                0x0000000000003860                nrfx_twi_init
 .text.nrfx_twi_enable
                0x00000000000038f0       0x20 modules/nordic/lib..__modules__hal__nordic.a(nrfx_twi.c.obj)
                0x00000000000038f0                nrfx_twi_enable
 .text.nrfx_twi_disable
                0x0000000000003910       0x34 modules/nordic/lib..__modules__hal__nordic.a(nrfx_twi.c.obj)
                0x0000000000003910                nrfx_twi_disable
 .text.nrfx_twi_xfer
                0x0000000000003944       0xe0 modules/nordic/lib..__modules__hal__nordic.a(nrfx_twi.c.obj)
                0x0000000000003944                nrfx_twi_xfer
 .text.nrfx_twi_0_irq_handler
                0x0000000000003a24       0xb4 modules/nordic/lib..__modules__hal__nordic.a(nrfx_twi.c.obj)
                0x0000000000003a24                nrfx_twi_0_irq_handler
 .text.z_sys_init_run_level
                0x0000000000003ad8       0x50 zephyr/kernel/libkernel.a(device.c.obj)
                0x0000000000003ad8                z_sys_init_run_level
 .text.z_device_ready
                0x0000000000003b28       0x2c zephyr/kernel/libkernel.a(device.c.obj)
                0x0000000000003b28                z_device_ready
 .text.z_impl_device_get_binding
                0x0000000000003b54       0x50 zephyr/kernel/libkernel.a(device.c.obj)
                0x0000000000003b54                z_impl_device_get_binding
 .text.idle     0x0000000000003ba4       0x78 zephyr/kernel/libkernel.a(idle.c.obj)
                0x0000000000003ba4                idle
 .text.z_bss_zero
                0x0000000000003c1c       0x14 zephyr/kernel/libkernel.a(init.c.obj)
                0x0000000000003c1c                z_bss_zero
 .text.z_data_copy
                0x0000000000003c30       0x34 zephyr/kernel/libkernel.a(init.c.obj)
                0x0000000000003c30                z_data_copy
 .text.bg_thread_main
                0x0000000000003c64       0x48 zephyr/kernel/libkernel.a(init.c.obj)
 .text.z_cstart
                0x0000000000003cac      0x104 zephyr/kernel/libkernel.a(init.c.obj)
                0x0000000000003cac                z_cstart
 .text.z_reset_time_slice
                0x0000000000003db0       0x2c zephyr/kernel/libkernel.a(sched.c.obj)
                0x0000000000003db0                z_reset_time_slice
 .text.k_sched_time_slice_set
                0x0000000000003ddc       0x58 zephyr/kernel/libkernel.a(sched.c.obj)
                0x0000000000003ddc                k_sched_time_slice_set
 .text.z_reschedule
                0x0000000000003e34       0x24 zephyr/kernel/libkernel.a(sched.c.obj)
                0x0000000000003e34                z_reschedule
 .text.k_sched_lock
                0x0000000000003e58       0x28 zephyr/kernel/libkernel.a(sched.c.obj)
                0x0000000000003e58                k_sched_lock
 .text.z_priq_dumb_remove
                0x0000000000003e80       0x2c zephyr/kernel/libkernel.a(sched.c.obj)
                0x0000000000003e80                z_priq_dumb_remove
 .text.update_cache
                0x0000000000003eac       0x50 zephyr/kernel/libkernel.a(sched.c.obj)
 .text.k_sched_unlock
                0x0000000000003efc       0x38 zephyr/kernel/libkernel.a(sched.c.obj)
                0x0000000000003efc                k_sched_unlock
 .text.ready_thread
                0x0000000000003f34       0x70 zephyr/kernel/libkernel.a(sched.c.obj)
 .text.z_sched_start
                0x0000000000003fa4       0x3c zephyr/kernel/libkernel.a(sched.c.obj)
                0x0000000000003fa4                z_sched_start
 .text.move_thread_to_end_of_prio_q
                0x0000000000003fe0       0x74 zephyr/kernel/libkernel.a(sched.c.obj)
 .text.z_time_slice
                0x0000000000004054       0x84 zephyr/kernel/libkernel.a(sched.c.obj)
                0x0000000000004054                z_time_slice
 .text.z_impl_k_thread_suspend
                0x00000000000040d8       0x68 zephyr/kernel/libkernel.a(sched.c.obj)
                0x00000000000040d8                z_impl_k_thread_suspend
 .text.z_thread_single_abort
                0x0000000000004140      0x104 zephyr/kernel/libkernel.a(sched.c.obj)
                0x0000000000004140                z_thread_single_abort
 .text.unready_thread
                0x0000000000004244       0x34 zephyr/kernel/libkernel.a(sched.c.obj)
 .text.pend     0x0000000000004278       0x4c zephyr/kernel/libkernel.a(sched.c.obj)
 .text.z_pend_curr
                0x00000000000042c4       0x28 zephyr/kernel/libkernel.a(sched.c.obj)
                0x00000000000042c4                z_pend_curr
 .text.z_tick_sleep.part.0
                0x00000000000042ec       0x5c zephyr/kernel/libkernel.a(sched.c.obj)
 .text.z_sched_init
                0x0000000000004348       0x18 zephyr/kernel/libkernel.a(sched.c.obj)
                0x0000000000004348                z_sched_init
 .text.z_impl_k_yield
                0x0000000000004360       0x9c zephyr/kernel/libkernel.a(sched.c.obj)
                0x0000000000004360                z_impl_k_yield
 .text.z_impl_k_sleep
                0x00000000000043fc       0x40 zephyr/kernel/libkernel.a(sched.c.obj)
                0x00000000000043fc                z_impl_k_sleep
 .text.z_impl_k_current_get
                0x000000000000443c        0xc zephyr/kernel/libkernel.a(sched.c.obj)
                0x000000000000443c                z_impl_k_current_get
 .text.z_impl_k_sem_give
                0x0000000000004448       0x40 zephyr/kernel/libkernel.a(sem.c.obj)
                0x0000000000004448                z_impl_k_sem_give
 .text.z_impl_k_sem_take
                0x0000000000004488       0x54 zephyr/kernel/libkernel.a(sem.c.obj)
                0x0000000000004488                z_impl_k_sem_take
 .text.z_setup_new_thread
                0x00000000000044dc       0x64 zephyr/kernel/libkernel.a(thread.c.obj)
                0x00000000000044dc                z_setup_new_thread
 .text.z_init_static_threads
                0x0000000000004540       0xbc zephyr/kernel/libkernel.a(thread.c.obj)
                0x0000000000004540                z_init_static_threads
 .text.z_self_abort
                0x00000000000045fc       0x28 zephyr/kernel/libkernel.a(thread_abort.c.obj)
                0x00000000000045fc                z_self_abort
 .text.elapsed  0x0000000000004624       0x14 zephyr/kernel/libkernel.a(timeout.c.obj)
 .text.remove_timeout
                0x0000000000004638       0x34 zephyr/kernel/libkernel.a(timeout.c.obj)
 .text.next_timeout
                0x000000000000466c       0x58 zephyr/kernel/libkernel.a(timeout.c.obj)
 .text.z_add_timeout
                0x00000000000046c4      0x110 zephyr/kernel/libkernel.a(timeout.c.obj)
                0x00000000000046c4                z_add_timeout
 .text.z_clock_announce
                0x00000000000047d4       0xd8 zephyr/kernel/libkernel.a(timeout.c.obj)
                0x00000000000047d4                z_clock_announce
 .text.z_tick_get
                0x00000000000048ac       0x34 zephyr/kernel/libkernel.a(timeout.c.obj)
                0x00000000000048ac                z_tick_get
 .text.statics_init
                0x00000000000048e0       0x24 zephyr/kernel/libkernel.a(kheap.c.obj)
 .text.i2c_write.constprop.0
                0x0000000000004904       0x1c app/libapp.a(main.c.obj)
 .text.sys_notify_validate
                0x0000000000004920       0x22 zephyr/libzephyr.a(notify.c.obj)
                0x0000000000004920                sys_notify_validate
 .text.sys_notify_finalize
                0x0000000000004942       0x1a zephyr/libzephyr.a(notify.c.obj)
                0x0000000000004942                sys_notify_finalize
 .text.arch_printk_char_out
                0x000000000000495c        0x4 zephyr/libzephyr.a(printk.c.obj)
                0x000000000000495c                arch_printk_char_out
 .text.printk   0x0000000000004960       0x1a zephyr/libzephyr.a(printk.c.obj)
                0x0000000000004960                printk
 .text.process_recheck
                0x000000000000497a       0x38 zephyr/libzephyr.a(onoff.c.obj)
 .text.notify_one
                0x00000000000049b2       0x2c zephyr/libzephyr.a(onoff.c.obj)
 .text.transition_complete
                0x00000000000049de       0x1c zephyr/libzephyr.a(onoff.c.obj)
 .text.validate_args
                0x00000000000049fa       0x1e zephyr/libzephyr.a(onoff.c.obj)
 .text.onoff_manager_init
                0x0000000000004a18       0x26 zephyr/libzephyr.a(onoff.c.obj)
                0x0000000000004a18                onoff_manager_init
 .text.onoff_request
                0x0000000000004a3e       0x92 zephyr/libzephyr.a(onoff.c.obj)
                0x0000000000004a3e                onoff_request
 .text.z_thread_entry
                0x0000000000004ad0       0x14 zephyr/libzephyr.a(thread_entry.c.obj)
                0x0000000000004ad0                z_thread_entry
 .text.chunk_field
                0x0000000000004ae4       0x16 zephyr/libzephyr.a(heap.c.obj)
 .text.chunk_set
                0x0000000000004afa       0x16 zephyr/libzephyr.a(heap.c.obj)
 .text.chunk_size
                0x0000000000004b10        0xc zephyr/libzephyr.a(heap.c.obj)
 .text.set_chunk_used
                0x0000000000004b1c       0x30 zephyr/libzephyr.a(heap.c.obj)
 .text.set_chunk_size
                0x0000000000004b4c        0x8 zephyr/libzephyr.a(heap.c.obj)
 .text.bucket_idx
                0x0000000000004b54       0x1a zephyr/libzephyr.a(heap.c.obj)
 .text.free_list_add
                0x0000000000004b6e       0x8a zephyr/libzephyr.a(heap.c.obj)
 .text.sys_heap_init
                0x0000000000004bf8       0xa4 zephyr/libzephyr.a(heap.c.obj)
                0x0000000000004bf8                sys_heap_init
 .text._rlrshift
                0x0000000000004c9c       0x24 zephyr/libzephyr.a(cbprintf_complete.c.obj)
 .text._ldiv5   0x0000000000004cc0       0x44 zephyr/libzephyr.a(cbprintf_complete.c.obj)
 .text._get_digit
                0x0000000000004d04       0x2e zephyr/libzephyr.a(cbprintf_complete.c.obj)
 .text.encode_uint
                0x0000000000004d32       0x96 zephyr/libzephyr.a(cbprintf_complete.c.obj)
 .text.outs     0x0000000000004dc8       0x2c zephyr/libzephyr.a(cbprintf_complete.c.obj)
 .text._ConfigAbsSyms
                0x0000000000004df4        0x2 zephyr/libzephyr.a(configs.c.obj)
                0x0000000000004df4                _ConfigAbsSyms
 .text.get_status
                0x0000000000004df6       0x12 zephyr/libzephyr.a(clock_control_nrf.c.obj)
 .text.set_off_state
                0x0000000000004e08       0x32 zephyr/libzephyr.a(clock_control_nrf.c.obj)
 .text.set_starting_state
                0x0000000000004e3a       0x3c zephyr/libzephyr.a(clock_control_nrf.c.obj)
 .text.set_on_state
                0x0000000000004e76       0x26 zephyr/libzephyr.a(clock_control_nrf.c.obj)
 .text.onoff_started_callback
                0x0000000000004e9c       0x12 zephyr/libzephyr.a(clock_control_nrf.c.obj)
 .text.blocking_start_callback
                0x0000000000004eae        0x6 zephyr/libzephyr.a(clock_control_nrf.c.obj)
 .text.lfclk_stop
                0x0000000000004eb4        0x6 zephyr/libzephyr.a(clock_control_nrf.c.obj)
 .text.api_stop
                0x0000000000004eba       0x28 zephyr/libzephyr.a(clock_control_nrf.c.obj)
 .text.api_start
                0x0000000000004ee2       0x36 zephyr/libzephyr.a(clock_control_nrf.c.obj)
 .text.z_clock_isr
                0x0000000000004f18        0x2 zephyr/libzephyr.a(sys_clock_init.c.obj)
                0x0000000000004f18                z_clock_isr
 .text.z_clock_idle_exit
                0x0000000000004f1a        0x2 zephyr/libzephyr.a(sys_clock_init.c.obj)
                0x0000000000004f1a                z_clock_idle_exit
 .text.SEGGER_RTT_Init
                0x0000000000004f1c        0x4 zephyr/libzephyr.a(SEGGER_RTT.c.obj)
                0x0000000000004f1c                SEGGER_RTT_Init
 .text.rtt_init
                0x0000000000004f20        0xa zephyr/libzephyr.a(SEGGER_RTT_zephyr.c.obj)
 .text.z_irq_spurious
                0x0000000000004f2a        0x8 zephyr/arch/arch/arm/core/aarch32/libarch__arm__core__aarch32.a(irq_manage.c.obj)
                0x0000000000004f2a                z_irq_spurious
 .text.z_arm_fatal_error
                0x0000000000004f32        0x4 zephyr/arch/arch/arm/core/aarch32/libarch__arm__core__aarch32.a(fatal.c.obj)
                0x0000000000004f32                z_arm_fatal_error
 .text.z_do_kernel_oops
                0x0000000000004f36        0x8 zephyr/arch/arch/arm/core/aarch32/libarch__arm__core__aarch32.a(fatal.c.obj)
                0x0000000000004f36                z_do_kernel_oops
 .text.z_arm_nmi
                0x0000000000004f3e        0xe zephyr/arch/arch/arm/core/aarch32/libarch__arm__core__aarch32.a(nmi.c.obj)
                0x0000000000004f3e                z_arm_nmi
 .text.strcpy   0x0000000000004f4c       0x14 zephyr/lib/libc/minimal/liblib__libc__minimal.a(string.c.obj)
                0x0000000000004f4c                strcpy
 .text.strlen   0x0000000000004f60        0xe zephyr/lib/libc/minimal/liblib__libc__minimal.a(string.c.obj)
                0x0000000000004f60                strlen
 .text.strcmp   0x0000000000004f6e       0x18 zephyr/lib/libc/minimal/liblib__libc__minimal.a(string.c.obj)
                0x0000000000004f6e                strcmp
 .text.memcpy   0x0000000000004f86       0x56 zephyr/lib/libc/minimal/liblib__libc__minimal.a(string.c.obj)
                0x0000000000004f86                memcpy
 .text.memset   0x0000000000004fdc       0x46 zephyr/lib/libc/minimal/liblib__libc__minimal.a(string.c.obj)
                0x0000000000004fdc                memset
 .text._stdout_hook_default
                0x0000000000005022        0x6 zephyr/lib/libc/minimal/liblib__libc__minimal.a(stdout_console.c.obj)
 .text.fputc    0x0000000000005028        0x4 zephyr/lib/libc/minimal/liblib__libc__minimal.a(stdout_console.c.obj)
                0x0000000000005028                fputc
 .text.z_platform_init
                0x000000000000502c        0x4 zephyr/soc/arm/nordic_nrf/nrf52/libsoc__arm__nordic_nrf__nrf52.a(soc.c.obj)
                0x000000000000502c                z_platform_init
 .text.nrf_gpio_cfg_sense_set
                0x0000000000005030       0x1c zephyr/drivers/gpio/libdrivers__gpio.a(gpio_nrfx.c.obj)
 .text.gpio_nrfx_port_get_raw
                0x000000000000504c        0xe zephyr/drivers/gpio/libdrivers__gpio.a(gpio_nrfx.c.obj)
 .text.gpio_nrfx_port_set_masked_raw
                0x000000000000505a       0x16 zephyr/drivers/gpio/libdrivers__gpio.a(gpio_nrfx.c.obj)
 .text.gpio_nrfx_port_set_bits_raw
                0x0000000000005070        0xc zephyr/drivers/gpio/libdrivers__gpio.a(gpio_nrfx.c.obj)
 .text.gpio_nrfx_port_clear_bits_raw
                0x000000000000507c        0xc zephyr/drivers/gpio/libdrivers__gpio.a(gpio_nrfx.c.obj)
 .text.gpio_nrfx_port_toggle_bits
                0x0000000000005088       0x12 zephyr/drivers/gpio/libdrivers__gpio.a(gpio_nrfx.c.obj)
 .text.gpio_nrfx_manage_callback
                0x000000000000509a       0x56 zephyr/drivers/gpio/libdrivers__gpio.a(gpio_nrfx.c.obj)
 .text.i2c_nrfx_twi_configure
                0x00000000000050f0       0x32 zephyr/drivers/i2c/libdrivers__i2c.a(i2c_nrfx_twi.c.obj)
 .text.uarte_nrfx_isr_int
                0x0000000000005122       0x40 zephyr/drivers/serial/libdrivers__serial.a(uart_nrfx_uarte.c.obj)
 .text.uarte_nrfx_config_get
                0x0000000000005162       0x10 zephyr/drivers/serial/libdrivers__serial.a(uart_nrfx_uarte.c.obj)
 .text.uarte_nrfx_err_check
                0x0000000000005172        0xe zephyr/drivers/serial/libdrivers__serial.a(uart_nrfx_uarte.c.obj)
 .text.is_tx_ready
                0x0000000000005180       0x1e zephyr/drivers/serial/libdrivers__serial.a(uart_nrfx_uarte.c.obj)
 .text.uarte_nrfx_poll_in
                0x000000000000519e       0x26 zephyr/drivers/serial/libdrivers__serial.a(uart_nrfx_uarte.c.obj)
 .text.k_sys_fatal_error_handler
                0x00000000000051c4        0x8 modules/nrf/lib/fatal_error/lib..__nrf__lib__fatal_error.a(fatal_error.c.obj)
                0x00000000000051c4                k_sys_fatal_error_handler
 .text.nrfx_isr
                0x00000000000051cc        0x2 modules/nordic/lib..__modules__hal__nordic.a(nrfx_glue.c.obj)
                0x00000000000051cc                nrfx_isr
 .text.nrfx_busy_wait
                0x00000000000051ce        0x4 modules/nordic/lib..__modules__hal__nordic.a(nrfx_glue.c.obj)
                0x00000000000051ce                nrfx_busy_wait
 .text.nrfx_clock_enable
                0x00000000000051d2       0x14 modules/nordic/lib..__modules__hal__nordic.a(nrfx_clock.c.obj)
                0x00000000000051d2                nrfx_clock_enable
 .text.twi_send_byte
                0x00000000000051e6       0x3a modules/nordic/lib..__modules__hal__nordic.a(nrfx_twi.c.obj)
 .text.twi_transfer
                0x0000000000005220      0x118 modules/nordic/lib..__modules__hal__nordic.a(nrfx_twi.c.obj)
 .text.z_fatal_error
                0x0000000000005338       0x36 zephyr/kernel/libkernel.a(fatal.c.obj)
                0x0000000000005338                z_fatal_error
 .text.z_sys_power_save_idle_exit
                0x000000000000536e        0x4 zephyr/kernel/libkernel.a(idle.c.obj)
                0x000000000000536e                z_sys_power_save_idle_exit
 .text.z_reschedule_irqlock
                0x0000000000005372       0x18 zephyr/kernel/libkernel.a(sched.c.obj)
                0x0000000000005372                z_reschedule_irqlock
 .text.z_reschedule_unlocked
                0x000000000000538a       0x14 zephyr/kernel/libkernel.a(sched.c.obj)
 .text.unpend_thread_no_timeout
                0x000000000000539e       0x18 zephyr/kernel/libkernel.a(sched.c.obj)
 .text.z_priq_dumb_best
                0x00000000000053b6       0x14 zephyr/kernel/libkernel.a(sched.c.obj)
                0x00000000000053b6                z_priq_dumb_best
 .text.z_ready_thread
                0x00000000000053ca       0x20 zephyr/kernel/libkernel.a(sched.c.obj)
                0x00000000000053ca                z_ready_thread
 .text.z_thread_timeout
                0x00000000000053ea       0x40 zephyr/kernel/libkernel.a(sched.c.obj)
                0x00000000000053ea                z_thread_timeout
 .text.add_to_waitq_locked
                0x000000000000542a       0x56 zephyr/kernel/libkernel.a(sched.c.obj)
 .text.z_unpend_first_thread
                0x0000000000005480       0x4a zephyr/kernel/libkernel.a(sched.c.obj)
                0x0000000000005480                z_unpend_first_thread
 .text.k_is_in_isr
                0x00000000000054ca        0xc zephyr/kernel/libkernel.a(thread.c.obj)
                0x00000000000054ca                k_is_in_isr
 .text.z_impl_k_busy_wait
                0x00000000000054d6        0x8 zephyr/kernel/libkernel.a(thread.c.obj)
                0x00000000000054d6                z_impl_k_busy_wait
 .text.z_abort_timeout
                0x00000000000054de       0x2c zephyr/kernel/libkernel.a(timeout.c.obj)
                0x00000000000054de                z_abort_timeout
 .text.z_get_next_timeout_expiry
                0x000000000000550a       0x20 zephyr/kernel/libkernel.a(timeout.c.obj)
                0x000000000000550a                z_get_next_timeout_expiry
 .text.z_set_timeout_expiry
                0x000000000000552a       0x34 zephyr/kernel/libkernel.a(timeout.c.obj)
                0x000000000000552a                z_set_timeout_expiry
 .text.z_tick_get_32
                0x000000000000555e        0x8 zephyr/kernel/libkernel.a(timeout.c.obj)
                0x000000000000555e                z_tick_get_32
 .text.k_heap_init
                0x0000000000005566       0x10 zephyr/kernel/libkernel.a(kheap.c.obj)
                0x0000000000005566                k_heap_init
 .text._OffsetAbsSyms
                0x0000000000005576        0x2 zephyr/CMakeFiles/offsets.dir/arch/arm/core/offsets/offsets.c.obj
                0x0000000000005576                _OffsetAbsSyms
 *(SORT_BY_ALIGNMENT(.TEXT.*))
 *(SORT_BY_ALIGNMENT(.gnu.linkonce.t.*))
 *(SORT_BY_ALIGNMENT(.glue_7t))
 .glue_7t       0x0000000000005578        0x0 linker stubs
 *(SORT_BY_ALIGNMENT(.glue_7))
 .glue_7        0x0000000000005578        0x0 linker stubs
 *(SORT_BY_ALIGNMENT(.vfp11_veneer))
 .vfp11_veneer  0x0000000000005578        0x0 linker stubs
 *(SORT_BY_ALIGNMENT(.v4_bx))
 .v4_bx         0x0000000000005578        0x0 linker stubs
                0x0000000000005578                _image_text_end = .

.ARM.exidx      0x0000000000005578        0x8
                0x0000000000005578                __exidx_start = .
 *(SORT_BY_ALIGNMENT(.ARM.exidx*) SORT_BY_ALIGNMENT(gnu.linkonce.armexidx.*))
 .ARM.exidx     0x0000000000005578        0x8 /opt/gnuarmemb/bin/../lib/gcc/arm-none-eabi/9.2.1/thumb/v7e-m/nofp/libgcc.a(_udivmoddi4.o)
                0x0000000000005580                __exidx_end = .
                0x0000000000005580                _image_rodata_start = .

initlevel       0x0000000000005580       0x50
                0x0000000000005580                __init_start = .
                0x0000000000005580                __init_PRE_KERNEL_1_start = .
 *(SORT_BY_NAME(SORT_BY_ALIGNMENT(.init_PRE_KERNEL_1[0-9]*)))
 .init_PRE_KERNEL_10
                0x0000000000005580        0x8 zephyr/soc/arm/nordic_nrf/nrf52/libsoc__arm__nordic_nrf__nrf52.a(soc.c.obj)
 .init_PRE_KERNEL_130
                0x0000000000005588        0x8 zephyr/libzephyr.a(SEGGER_RTT_zephyr.c.obj)
 .init_PRE_KERNEL_130
                0x0000000000005590        0x8 zephyr/kernel/libkernel.a(kheap.c.obj)
 .init_PRE_KERNEL_140
                0x0000000000005598        0x8 zephyr/arch/arch/arm/core/aarch32/cortex_m/mpu/libarch__arm__core__aarch32__cortex_m__mpu.a(arm_mpu.c.obj)
 .init_PRE_KERNEL_150
                0x00000000000055a0        0x8 zephyr/libzephyr.a(clock_control_nrf.c.obj)
 .init_PRE_KERNEL_150
                0x00000000000055a8        0x8 zephyr/drivers/serial/libdrivers__serial.a(uart_nrfx_uarte.c.obj)
 .init_PRE_KERNEL_160
                0x00000000000055b0        0x8 zephyr/libzephyr.a(uart_console.c.obj)
 *(SORT_BY_NAME(SORT_BY_ALIGNMENT(.init_PRE_KERNEL_1[1-9][0-9]*)))
                0x00000000000055b8                __init_PRE_KERNEL_2_start = .
 *(SORT_BY_NAME(SORT_BY_ALIGNMENT(.init_PRE_KERNEL_2[0-9]*)))
 .init_PRE_KERNEL_20
                0x00000000000055b8        0x8 zephyr/libzephyr.a(sys_clock_init.c.obj)
 *(SORT_BY_NAME(SORT_BY_ALIGNMENT(.init_PRE_KERNEL_2[1-9][0-9]*)))
                0x00000000000055c0                __init_POST_KERNEL_start = .
 *(SORT_BY_NAME(SORT_BY_ALIGNMENT(.init_POST_KERNEL[0-9]*)))
 .init_POST_KERNEL40
                0x00000000000055c0        0x8 zephyr/drivers/gpio/libdrivers__gpio.a(gpio_nrfx.c.obj)
 .init_POST_KERNEL60
                0x00000000000055c8        0x8 zephyr/drivers/i2c/libdrivers__i2c.a(i2c_nrfx_twi.c.obj)
 *(SORT_BY_NAME(SORT_BY_ALIGNMENT(.init_POST_KERNEL[1-9][0-9]*)))
                0x00000000000055d0                __init_APPLICATION_start = .
 *(SORT_BY_NAME(SORT_BY_ALIGNMENT(.init_APPLICATION[0-9]*)))
 *(SORT_BY_NAME(SORT_BY_ALIGNMENT(.init_APPLICATION[1-9][0-9]*)))
                0x00000000000055d0                __init_SMP_start = .
 *(SORT_BY_NAME(SORT_BY_ALIGNMENT(.init_SMP[0-9]*)))
 *(SORT_BY_NAME(SORT_BY_ALIGNMENT(.init_SMP[1-9][0-9]*)))
                0x00000000000055d0                __init_end = .

sw_isr_table    0x00000000000055d0      0x138
                0x00000000000055d0                . = ALIGN (0x0)
 *(SORT_BY_ALIGNMENT(.gnu.linkonce.sw_isr_table*))
 .gnu.linkonce.sw_isr_table*
                0x00000000000055d0      0x138 zephyr/arch/common/libisr_tables.a(isr_tables.c.obj)
                0x00000000000055d0                _sw_isr_table

initlevel_error
                0x0000000000005580        0x0
 *(SORT_BY_NAME(SORT_BY_ALIGNMENT(.init_[_A-Z0-9]*)))
                0x0000000000000001                ASSERT ((SIZEOF (initlevel_error) == 0x0), Undefined initialization levels used.)

app_shmem_regions
                0x0000000000005708        0x0
                0x0000000000005708                __app_shmem_regions_start = .
 *(SORT_BY_NAME(SORT_BY_ALIGNMENT(.app_regions.*)))
                0x0000000000005708                __app_shmem_regions_end = .

bt_l2cap_fixed_chan_area
                0x0000000000005708        0x0
                0x0000000000005708                _bt_l2cap_fixed_chan_list_start = .
 *(SORT_BY_NAME(SORT_BY_ALIGNMENT(._bt_l2cap_fixed_chan.static.*)))
                0x0000000000005708                _bt_l2cap_fixed_chan_list_end = .

bt_gatt_service_static_area
                0x0000000000005708        0x0
                0x0000000000005708                _bt_gatt_service_static_list_start = .
 *(SORT_BY_NAME(SORT_BY_ALIGNMENT(._bt_gatt_service_static.static.*)))
                0x0000000000005708                _bt_gatt_service_static_list_end = .

log_const_sections
                0x0000000000005708        0x0
                0x0000000000005708                __log_const_start = .
 *(SORT_BY_NAME(SORT_BY_ALIGNMENT(.log_const_*)))
                0x0000000000005708                __log_const_end = .

log_backends_sections
                0x0000000000005708        0x0
                0x0000000000005708                __log_backends_start = .
 *(SORT_BY_ALIGNMENT(._log_backend.*))
                0x0000000000005708                __log_backends_end = .

shell_area      0x0000000000005708        0x0
                0x0000000000005708                _shell_list_start = .
 *(SORT_BY_NAME(SORT_BY_ALIGNMENT(._shell.static.*)))
                0x0000000000005708                _shell_list_end = .

shell_root_cmds_sections
                0x0000000000005708        0x0
                0x0000000000005708                __shell_root_cmds_start = .
 *(SORT_BY_NAME(SORT_BY_ALIGNMENT(.shell_root_cmd_*)))
                0x0000000000005708                __shell_root_cmds_end = .

font_entry_sections
                0x0000000000005708        0x0
                0x0000000000005708                __font_entry_start = .
 *(SORT_BY_NAME(SORT_BY_ALIGNMENT(._cfb_font.*)))
                0x0000000000005708                __font_entry_end = .

tracing_backend_area
                0x0000000000005708        0x0
                0x0000000000005708                _tracing_backend_list_start = .
 *(SORT_BY_NAME(SORT_BY_ALIGNMENT(._tracing_backend.static.*)))
                0x0000000000005708                _tracing_backend_list_end = .

tdata           0x0000000000005708        0x0
 *(SORT_BY_ALIGNMENT(.tdata) SORT_BY_ALIGNMENT(.tdata.*) SORT_BY_ALIGNMENT(.gnu.linkonce.td.*))

tbss            0x0000000000005708        0x0
 *(SORT_BY_ALIGNMENT(.tbss) SORT_BY_ALIGNMENT(.tbss.*) SORT_BY_ALIGNMENT(.gnu.linkonce.tb.*) SORT_BY_ALIGNMENT(.tcommon))
                [!provide]                        PROVIDE (__tdata_start = LOADADDR (tdata))
                [!provide]                        PROVIDE (__tdata_size = SIZEOF (tdata))
                [!provide]                        PROVIDE (__tdata_end = (__tdata_start + __tdata_size))
                [!provide]                        PROVIDE (__tbss_start = LOADADDR (tbss))
                [!provide]                        PROVIDE (__tbss_size = SIZEOF (tbss))
                [!provide]                        PROVIDE (__tbss_end = (__tbss_start + __tbss_size))
                [!provide]                        PROVIDE (__tls_start = __tdata_start)
                [!provide]                        PROVIDE (__tls_end = __tbss_end)
                [!provide]                        PROVIDE (__tls_size = (__tbss_end - __tdata_start))

rodata          0x0000000000005710      0x1ec
 *(SORT_BY_ALIGNMENT(.rodata))
 *(SORT_BY_ALIGNMENT(.rodata.*))
 .rodata.delay_machine_code.11449
                0x0000000000005710        0x6 zephyr/soc/arm/nordic_nrf/nrf52/libsoc__arm__nordic_nrf__nrf52.a(soc.c.obj)
 *fill*         0x0000000000005716        0x2 
 .rodata.clock_control_api
                0x0000000000005718       0x14 zephyr/libzephyr.a(clock_control_nrf.c.obj)
 .rodata.config
                0x000000000000572c       0x10 zephyr/libzephyr.a(clock_control_nrf.c.obj)
 .rodata.transitions.10018
                0x000000000000573c        0xc zephyr/libzephyr.a(clock_control_nrf.c.obj)
 .rodata.mpu_config
                0x0000000000005748        0x8 zephyr/soc/arm/common/cortex_m/libsoc__arm__common__cortex_m.a(arm_mpu_regions.c.obj)
                0x0000000000005748                mpu_config
 .rodata.mpu_regions
                0x0000000000005750       0x18 zephyr/soc/arm/common/cortex_m/libsoc__arm__common__cortex_m.a(arm_mpu_regions.c.obj)
 .rodata.gpio_nrfx_drv_api_funcs
                0x0000000000005768       0x24 zephyr/drivers/gpio/libdrivers__gpio.a(gpio_nrfx.c.obj)
 .rodata.gpio_nrfx_p0_cfg
                0x000000000000578c        0xc zephyr/drivers/gpio/libdrivers__gpio.a(gpio_nrfx.c.obj)
 .rodata.i2c_nrfx_twi_driver_api
                0x0000000000005798       0x14 zephyr/drivers/i2c/libdrivers__i2c.a(i2c_nrfx_twi.c.obj)
 .rodata.twi_0z_config
                0x00000000000057ac       0x18 zephyr/drivers/i2c/libdrivers__i2c.a(i2c_nrfx_twi.c.obj)
 .rodata.uart_nrfx_uarte_driver_api
                0x00000000000057c4       0x14 zephyr/drivers/serial/libdrivers__serial.a(uart_nrfx_uarte.c.obj)
 .rodata.uarte_0z_config
                0x00000000000057d8        0x8 zephyr/drivers/serial/libdrivers__serial.a(uart_nrfx_uarte.c.obj)
 .rodata.levels.8594
                0x00000000000057e0       0x14 zephyr/kernel/libkernel.a(device.c.obj)
 .rodata._k_neg_eagain
                0x00000000000057f4        0x4 zephyr/kernel/libkernel.a(errno.c.obj)
                0x00000000000057f4                _k_neg_eagain
 .rodata.main.str1.1
                0x00000000000057f8       0x63 app/libapp.a(main.c.obj)
 .rodata.cbvprintf.str1.1
                0x000000000000585b        0x6 zephyr/libzephyr.a(cbprintf_complete.c.obj)
 .rodata.uart_console_init.str1.1
                0x0000000000005861        0x7 zephyr/libzephyr.a(uart_console.c.obj)
 .rodata.str1.1
                0x0000000000005868        0x6 zephyr/libzephyr.a(clock_control_nrf.c.obj)
 .rodata.str1.1
                0x000000000000586e        0xa zephyr/libzephyr.a(sys_clock_init.c.obj)
 .rodata._DoInit.str1.1
                0x0000000000005878       0x14 zephyr/libzephyr.a(SEGGER_RTT.c.obj)
 .rodata.str1.1
                0x000000000000588c        0xf zephyr/soc/arm/common/cortex_m/libsoc__arm__common__cortex_m.a(arm_mpu_regions.c.obj)
 .rodata.str1.1
                0x000000000000589b        0x7 zephyr/drivers/gpio/libdrivers__gpio.a(gpio_nrfx.c.obj)
 .rodata.str1.1
                0x00000000000058a2        0x6 zephyr/drivers/i2c/libdrivers__i2c.a(i2c_nrfx_twi.c.obj)
 .rodata.str1.1
                0x00000000000058a2        0x7 zephyr/drivers/serial/libdrivers__serial.a(uart_nrfx_uarte.c.obj)
 .rodata.CSWTCH.14
                0x00000000000058a2        0x4 modules/nordic/lib..__modules__hal__nordic.a(system_nrf52.c.obj)
 .rodata.CSWTCH.18
                0x00000000000058a6        0x4 modules/nordic/lib..__modules__hal__nordic.a(system_nrf52.c.obj)
 .rodata.CSWTCH.4
                0x00000000000058aa        0x4 modules/nordic/lib..__modules__hal__nordic.a(system_nrf52.c.obj)
 .rodata.bg_thread_main.str1.1
                0x00000000000058ae       0x46 zephyr/kernel/libkernel.a(init.c.obj)
                                         0x47 (size before relaxing)
 .rodata.z_cstart.str1.1
                0x00000000000058f4        0x5 zephyr/kernel/libkernel.a(init.c.obj)
 *(SORT_BY_ALIGNMENT(.gnu.linkonce.r.*))
                0x00000000000058fc                . = ALIGN (0x4)
 *fill*         0x00000000000058f9        0x3 
                0x00000000000058fc                _image_rodata_end = .
                0x0000000000005900                . = ALIGN (_region_min_align)
                0x0000000000008000                . = ALIGN ((0x1 << LOG2CEIL ((_image_rodata_end - _image_rom_start))))
                0x0000000000008000                _image_rom_end = .
                0x0000000020000000                . = 0x20000000
                0x0000000020000000                . = ALIGN (_region_min_align)
                0x0000000020000000                _image_ram_start = .

.ramfunc        0x0000000020000000        0x0 load address 0x00000000000058fc
                0x0000000020000000                . = ALIGN (_region_min_align)
                0x0000000020000000                . = ALIGN ((0x1 << LOG2CEIL (_ramfunc_ram_size)))
                0x0000000020000000                _ramfunc_ram_start = .
 *(SORT_BY_ALIGNMENT(.ramfunc))
 *(SORT_BY_ALIGNMENT(.ramfunc.*))
                0x0000000020000000                . = ALIGN (_region_min_align)
                0x0000000020000000                . = ALIGN ((0x1 << LOG2CEIL (_ramfunc_ram_size)))
                0x0000000020000000                _ramfunc_ram_end = .
                0x0000000000000000                _ramfunc_ram_size = (_ramfunc_ram_end - _ramfunc_ram_start)
                0x00000000000058fc                _ramfunc_rom_start = LOADADDR (.ramfunc)

datas           0x0000000020000000       0x4c load address 0x00000000000058fc
                0x0000000020000000                __data_ram_start = .
 *(SORT_BY_ALIGNMENT(.data))
 *(SORT_BY_ALIGNMENT(.data.*))
 .data._char_out
                0x0000000020000000        0x4 zephyr/libzephyr.a(printk.c.obj)
                0x0000000020000000                _char_out
 .data._stdout_hook
                0x0000000020000004        0x4 zephyr/lib/libc/minimal/liblib__libc__minimal.a(stdout_console.c.obj)
 .data.twi_0_data
                0x0000000020000008       0x28 zephyr/drivers/i2c/libdrivers__i2c.a(i2c_nrfx_twi.c.obj)
 .data.uarte_0_data
                0x0000000020000030       0x10 zephyr/drivers/serial/libdrivers__serial.a(uart_nrfx_uarte.c.obj)
 .data.SystemCoreClock
                0x0000000020000040        0x4 modules/nordic/lib..__modules__hal__nordic.a(system_nrf52.c.obj)
                0x0000000020000040                SystemCoreClock
 .data.timeout_list
                0x0000000020000044        0x8 zephyr/kernel/libkernel.a(timeout.c.obj)
 *(SORT_BY_ALIGNMENT(.kernel.*))
                0x00000000000058fc                __data_rom_start = LOADADDR (datas)

devices         0x000000002000004c       0x54 load address 0x0000000000005948
                0x000000002000004c                __device_start = .
                0x000000002000004c                __device_PRE_KERNEL_1_start = .
 *(SORT_BY_NAME(SORT_BY_ALIGNMENT(.device_PRE_KERNEL_1[0-9]*)))
 .device_PRE_KERNEL_150
                0x000000002000004c       0x10 zephyr/libzephyr.a(clock_control_nrf.c.obj)
 .device_PRE_KERNEL_150
                0x000000002000005c       0x10 zephyr/drivers/serial/libdrivers__serial.a(uart_nrfx_uarte.c.obj)
 *(SORT_BY_NAME(SORT_BY_ALIGNMENT(.device_PRE_KERNEL_1[1-9][0-9]*)))
                0x000000002000006c                __device_PRE_KERNEL_2_start = .
 *(SORT_BY_NAME(SORT_BY_ALIGNMENT(.device_PRE_KERNEL_2[0-9]*)))
 .device_PRE_KERNEL_20
                0x000000002000006c       0x10 zephyr/libzephyr.a(sys_clock_init.c.obj)
 *(SORT_BY_NAME(SORT_BY_ALIGNMENT(.device_PRE_KERNEL_2[1-9][0-9]*)))
                0x000000002000007c                __device_POST_KERNEL_start = .
 *(SORT_BY_NAME(SORT_BY_ALIGNMENT(.device_POST_KERNEL[0-9]*)))
 .device_POST_KERNEL40
                0x000000002000007c       0x10 zephyr/drivers/gpio/libdrivers__gpio.a(gpio_nrfx.c.obj)
 .device_POST_KERNEL60
                0x000000002000008c       0x10 zephyr/drivers/i2c/libdrivers__i2c.a(i2c_nrfx_twi.c.obj)
 *(SORT_BY_NAME(SORT_BY_ALIGNMENT(.device_POST_KERNEL[1-9][0-9]*)))
                0x000000002000009c                __device_APPLICATION_start = .
 *(SORT_BY_NAME(SORT_BY_ALIGNMENT(.device_APPLICATION[0-9]*)))
 *(SORT_BY_NAME(SORT_BY_ALIGNMENT(.device_APPLICATION[1-9][0-9]*)))
                0x000000002000009c                __device_SMP_start = .
 *(SORT_BY_NAME(SORT_BY_ALIGNMENT(.device_SMP[0-9]*)))
 *(SORT_BY_NAME(SORT_BY_ALIGNMENT(.device_SMP[1-9][0-9]*)))
                0x000000002000009c                __device_end = .
 FILL mask 0x00
                0x000000002000009c                __device_init_status_start = .
                0x00000000200000a0                . = (. + (((((__device_end - __device_start) / 0x10) + 0x1f) / 0x20) * 0x4))
 *fill*         0x000000002000009c        0x4 00
                0x00000000200000a0                __device_init_status_end = .

initshell       0x00000000200000a0        0x0 load address 0x000000000000599c
                0x00000000200000a0                __shell_module_start = .
 *(SORT_BY_ALIGNMENT(.shell_module_*))
                0x00000000200000a0                __shell_module_end = .
                0x00000000200000a0                __shell_cmd_start = .
 *(SORT_BY_ALIGNMENT(.shell_cmd_*))
                0x00000000200000a0                __shell_cmd_end = .

log_dynamic_sections
                0x00000000200000a0        0x0 load address 0x000000000000599c
                0x00000000200000a0                __log_dynamic_start = .
 *(SORT_BY_NAME(SORT_BY_ALIGNMENT(.log_dynamic_*)))
                0x00000000200000a0                __log_dynamic_end = .

_static_thread_data_area
                0x00000000200000a0        0x0 load address 0x000000000000599c
                0x00000000200000a0                __static_thread_data_list_start = .
 *(SORT_BY_NAME(SORT_BY_ALIGNMENT(.__static_thread_data.static.*)))
                0x00000000200000a0                __static_thread_data_list_end = .

k_timer_area    0x00000000200000a0        0x0 load address 0x000000000000599c
                0x00000000200000a0                _k_timer_list_start = .
 *(SORT_BY_NAME(SORT_BY_ALIGNMENT(._k_timer.static.*)))
                0x00000000200000a0                _k_timer_list_end = .

k_mem_slab_area
                0x00000000200000a0        0x0 load address 0x000000000000599c
                0x00000000200000a0                _k_mem_slab_list_start = .
 *(SORT_BY_NAME(SORT_BY_ALIGNMENT(._k_mem_slab.static.*)))
                0x00000000200000a0                _k_mem_slab_list_end = .

k_mem_pool_area
                0x00000000200000a0        0x0 load address 0x000000000000599c
                0x00000000200000a0                _k_mem_pool_list_start = .
 *(SORT_BY_NAME(SORT_BY_ALIGNMENT(._k_mem_pool.static.*)))
                0x00000000200000a0                _k_mem_pool_list_end = .

k_heap_area     0x00000000200000a0        0x0 load address 0x000000000000599c
                0x00000000200000a0                _k_heap_list_start = .
 *(SORT_BY_NAME(SORT_BY_ALIGNMENT(._k_heap.static.*)))
                0x00000000200000a0                _k_heap_list_end = .

k_mutex_area    0x00000000200000a0        0x0 load address 0x000000000000599c
                0x00000000200000a0                _k_mutex_list_start = .
 *(SORT_BY_NAME(SORT_BY_ALIGNMENT(._k_mutex.static.*)))
                0x00000000200000a0                _k_mutex_list_end = .

k_stack_area    0x00000000200000a0        0x0 load address 0x000000000000599c
                0x00000000200000a0                _k_stack_list_start = .
 *(SORT_BY_NAME(SORT_BY_ALIGNMENT(._k_stack.static.*)))
                0x00000000200000a0                _k_stack_list_end = .

k_msgq_area     0x00000000200000a0        0x0 load address 0x000000000000599c
                0x00000000200000a0                _k_msgq_list_start = .
 *(SORT_BY_NAME(SORT_BY_ALIGNMENT(._k_msgq.static.*)))
                0x00000000200000a0                _k_msgq_list_end = .

k_mbox_area     0x00000000200000a0        0x0 load address 0x000000000000599c
                0x00000000200000a0                _k_mbox_list_start = .
 *(SORT_BY_NAME(SORT_BY_ALIGNMENT(._k_mbox.static.*)))
                0x00000000200000a0                _k_mbox_list_end = .

k_pipe_area     0x00000000200000a0        0x0 load address 0x000000000000599c
                0x00000000200000a0                _k_pipe_list_start = .
 *(SORT_BY_NAME(SORT_BY_ALIGNMENT(._k_pipe.static.*)))
                0x00000000200000a0                _k_pipe_list_end = .

k_sem_area      0x00000000200000a0        0x0 load address 0x000000000000599c
                0x00000000200000a0                _k_sem_list_start = .
 *(SORT_BY_NAME(SORT_BY_ALIGNMENT(._k_sem.static.*)))
                0x00000000200000a0                _k_sem_list_end = .

k_queue_area    0x00000000200000a0        0x0 load address 0x000000000000599c
                0x00000000200000a0                _k_queue_list_start = .
 *(SORT_BY_NAME(SORT_BY_ALIGNMENT(._k_queue.static.*)))
                0x00000000200000a0                _k_queue_list_end = .

_net_buf_pool_area
                0x00000000200000a0        0x0 load address 0x000000000000599c
                0x00000000200000a0                _net_buf_pool_list = .
 *(SORT_BY_NAME(SORT_BY_ALIGNMENT(._net_buf_pool.static.*)))
                0x00000000200000a0                __data_ram_end = .

bss             0x00000000200000a0      0x6e4
                0x00000000200000a0                . = ALIGN (0x4)
                0x00000000200000a0                __bss_start = .
                0x00000000200000a0                __kernel_ram_start = .
 *(SORT_BY_ALIGNMENT(.bss))
 *(SORT_BY_ALIGNMENT(.bss.*))
 .bss.z_idle_threads
                0x00000000200000a0       0x80 zephyr/kernel/libkernel.a(init.c.obj)
                0x00000000200000a0                z_idle_threads
 .bss.z_main_thread
                0x0000000020000120       0x80 zephyr/kernel/libkernel.a(init.c.obj)
                0x0000000020000120                z_main_thread
 .bss.curr_tick
                0x00000000200001a0        0x8 zephyr/kernel/libkernel.a(timeout.c.obj)
 .bss.mpu6050   0x00000000200001a8        0x4 app/libapp.a(main.c.obj)
                0x00000000200001a8                mpu6050
 .bss.uart_console_dev
                0x00000000200001ac        0x4 zephyr/libzephyr.a(uart_console.c.obj)
 .bss.cli.9995  0x00000000200001b0       0x10 zephyr/libzephyr.a(clock_control_nrf.c.obj)
 .bss.data      0x00000000200001c0       0x50 zephyr/libzephyr.a(clock_control_nrf.c.obj)
 .bss.hfclk_users
                0x0000000020000210        0x4 zephyr/libzephyr.a(clock_control_nrf.c.obj)
 .bss.on.9994   0x0000000020000214        0x4 zephyr/libzephyr.a(clock_control_nrf.c.obj)
 .bss.last_count
                0x0000000020000218        0x4 zephyr/libzephyr.a(nrf_rtc_timer.c.obj)
 .bss._SEGGER_RTT
                0x000000002000021c       0xa8 zephyr/libzephyr.a(SEGGER_RTT.c.obj)
                0x000000002000021c                _SEGGER_RTT
 .bss.gpio_nrfx_p0_data
                0x00000000200002c4       0x1c zephyr/drivers/gpio/libdrivers__gpio.a(gpio_nrfx.c.obj)
 .bss.gpiote_alloc_mask
                0x00000000200002e0        0x4 zephyr/drivers/gpio/libdrivers__gpio.a(gpio_nrfx.c.obj)
 .bss.m_clock_cb
                0x00000000200002e4        0x8 modules/nordic/lib..__modules__hal__nordic.a(nrfx_clock.c.obj)
 .bss.m_channels_allocated
                0x00000000200002ec        0x4 modules/nordic/lib..__modules__hal__nordic.a(nrfx_ppi.c.obj)
 .bss.m_cb      0x00000000200002f0       0x3c modules/nordic/lib..__modules__hal__nordic.a(nrfx_twi.c.obj)
 .bss._kernel   0x000000002000032c       0x34 zephyr/kernel/libkernel.a(sched.c.obj)
                0x000000002000032c                _kernel
 .bss.pending_current
                0x0000000020000360        0x4 zephyr/kernel/libkernel.a(sched.c.obj)
 .bss.slice_max_prio
                0x0000000020000364        0x4 zephyr/kernel/libkernel.a(sched.c.obj)
 .bss.slice_time
                0x0000000020000368        0x4 zephyr/kernel/libkernel.a(sched.c.obj)
 .bss.announce_remaining
                0x000000002000036c        0x4 zephyr/kernel/libkernel.a(timeout.c.obj)
 .bss.once.9884
                0x0000000020000370        0x1 zephyr/libzephyr.a(clock_control_nrf.c.obj)
 .bss._acDownBuffer
                0x0000000020000371       0x10 zephyr/libzephyr.a(SEGGER_RTT.c.obj)
 .bss._acUpBuffer
                0x0000000020000381      0x400 zephyr/libzephyr.a(SEGGER_RTT.c.obj)
 .bss.static_regions_num
                0x0000000020000781        0x1 zephyr/arch/arch/arm/core/aarch32/cortex_m/mpu/libarch__arm__core__aarch32__cortex_m__mpu.a(arm_mpu.c.obj)
 .bss.gpio_initialized.9533
                0x0000000020000782        0x1 zephyr/drivers/gpio/libdrivers__gpio.a(gpio_nrfx.c.obj)
 .bss.z_sys_post_kernel
                0x0000000020000783        0x1 zephyr/kernel/libkernel.a(init.c.obj)
                0x0000000020000783                z_sys_post_kernel
 .bss.sched_spinlock
                0x0000000020000784        0x0 zephyr/kernel/libkernel.a(sched.c.obj)
 .bss.lock      0x0000000020000784        0x0 zephyr/kernel/libkernel.a(sem.c.obj)
 *(SORT_BY_ALIGNMENT(COMMON))
 *(SORT_BY_ALIGNMENT(.kernel_bss.*))
                0x0000000020000784                __bss_end = ALIGN (0x4)

noinit          0x00000000200007a0      0xda0
 *(SORT_BY_ALIGNMENT(.noinit))
 *(SORT_BY_ALIGNMENT(.noinit.*))
 .noinit."WEST_TOPDIR/zephyr/kernel/init.c".2
                0x00000000200007a0      0x420 zephyr/kernel/libkernel.a(init.c.obj)
                0x00000000200007a0                z_main_stack
 .noinit."WEST_TOPDIR/zephyr/kernel/init.c".3
                0x0000000020000bc0      0x160 zephyr/kernel/libkernel.a(init.c.obj)
 .noinit."WEST_TOPDIR/zephyr/kernel/init.c".4
                0x0000000020000d20      0x820 zephyr/kernel/libkernel.a(init.c.obj)
                0x0000000020000d20                z_interrupt_stacks
 *(SORT_BY_ALIGNMENT(.kernel_noinit.*))
                0x0000000020001540                _image_ram_end = .
                0x0000000020001540                _end = .
                0x0000000020010000                __kernel_ram_end = 0x20010000
                0x000000000000ff60                __kernel_ram_size = (__kernel_ram_end - __kernel_ram_start)

.intList        0x0000000020010000       0x58
 *(SORT_BY_ALIGNMENT(.irq_info*))
 .irq_info      0x0000000020010000        0x8 zephyr/arch/common/libisr_tables.a(isr_tables.c.obj)
                0x0000000020010000                _iheader
 *(SORT_BY_ALIGNMENT(.intList*))
 .intList       0x0000000020010008       0x10 zephyr/libzephyr.a(clock_control_nrf.c.obj)
 .intList       0x0000000020010018       0x10 zephyr/libzephyr.a(nrf_rtc_timer.c.obj)
 .intList       0x0000000020010028       0x10 zephyr/drivers/gpio/libdrivers__gpio.a(gpio_nrfx.c.obj)
 .intList       0x0000000020010038       0x10 zephyr/drivers/i2c/libdrivers__i2c.a(i2c_nrfx_twi.c.obj)
 .intList       0x0000000020010048       0x10 zephyr/drivers/serial/libdrivers__serial.a(uart_nrfx_uarte.c.obj)

.stab
 *(SORT_BY_ALIGNMENT(.stab))

.stabstr
 *(SORT_BY_ALIGNMENT(.stabstr))

.stab.excl
 *(SORT_BY_ALIGNMENT(.stab.excl))

.stab.exclstr
 *(SORT_BY_ALIGNMENT(.stab.exclstr))

.stab.index
 *(SORT_BY_ALIGNMENT(.stab.index))

.stab.indexstr
 *(SORT_BY_ALIGNMENT(.stab.indexstr))

.gnu.build.attributes
 *(SORT_BY_ALIGNMENT(.gnu.build.attributes) SORT_BY_ALIGNMENT(.gnu.build.attributes.*))

.comment        0x0000000000000000       0x79
 *(SORT_BY_ALIGNMENT(.comment))
 .comment       0x0000000000000000       0x79 app/libapp.a(main.c.obj)
                                         0x7a (size before relaxing)
 .comment       0x0000000000000079       0x7a zephyr/libzephyr.a(notify.c.obj)
 .comment       0x0000000000000079       0x7a zephyr/libzephyr.a(printk.c.obj)
 .comment       0x0000000000000079       0x7a zephyr/libzephyr.a(onoff.c.obj)
 .comment       0x0000000000000079       0x7a zephyr/libzephyr.a(thread_entry.c.obj)
 .comment       0x0000000000000079       0x7a zephyr/libzephyr.a(heap.c.obj)
 .comment       0x0000000000000079       0x7a zephyr/libzephyr.a(cbprintf_complete.c.obj)
 .comment       0x0000000000000079       0x7a zephyr/libzephyr.a(configs.c.obj)
 .comment       0x0000000000000079       0x7a zephyr/libzephyr.a(uart_console.c.obj)
 .comment       0x0000000000000079       0x7a zephyr/libzephyr.a(clock_control_nrf.c.obj)
 .comment       0x0000000000000079       0x7a zephyr/libzephyr.a(sys_clock_init.c.obj)
 .comment       0x0000000000000079       0x7a zephyr/libzephyr.a(nrf_rtc_timer.c.obj)
 .comment       0x0000000000000079       0x7a zephyr/libzephyr.a(SEGGER_RTT.c.obj)
 .comment       0x0000000000000079       0x7a zephyr/libzephyr.a(SEGGER_RTT_zephyr.c.obj)
 .comment       0x0000000000000079       0x7a zephyr/arch/arch/arm/core/aarch32/libarch__arm__core__aarch32.a(swap.c.obj)
 .comment       0x0000000000000079       0x7a zephyr/arch/arch/arm/core/aarch32/libarch__arm__core__aarch32.a(irq_manage.c.obj)
 .comment       0x0000000000000079       0x7a zephyr/arch/arch/arm/core/aarch32/libarch__arm__core__aarch32.a(thread.c.obj)
 .comment       0x0000000000000079       0x7a zephyr/arch/arch/arm/core/aarch32/libarch__arm__core__aarch32.a(fatal.c.obj)
 .comment       0x0000000000000079       0x7a zephyr/arch/arch/arm/core/aarch32/libarch__arm__core__aarch32.a(nmi.c.obj)
 .comment       0x0000000000000079       0x7a zephyr/arch/arch/arm/core/aarch32/libarch__arm__core__aarch32.a(prep_c.c.obj)
 .comment       0x0000000000000079       0x7a zephyr/arch/arch/arm/core/aarch32/cortex_m/libarch__arm__core__aarch32__cortex_m.a(fault.c.obj)
 .comment       0x0000000000000079       0x7a zephyr/arch/arch/arm/core/aarch32/cortex_m/libarch__arm__core__aarch32__cortex_m.a(irq_init.c.obj)
 .comment       0x0000000000000079       0x7a zephyr/arch/arch/arm/core/aarch32/cortex_m/libarch__arm__core__aarch32__cortex_m.a(thread_abort.c.obj)
 .comment       0x0000000000000079       0x7a zephyr/arch/arch/arm/core/aarch32/cortex_m/mpu/libarch__arm__core__aarch32__cortex_m__mpu.a(arm_core_mpu.c.obj)
 .comment       0x0000000000000079       0x7a zephyr/arch/arch/arm/core/aarch32/cortex_m/mpu/libarch__arm__core__aarch32__cortex_m__mpu.a(arm_mpu.c.obj)
 .comment       0x0000000000000079       0x7a zephyr/lib/libc/minimal/liblib__libc__minimal.a(string.c.obj)
 .comment       0x0000000000000079       0x7a zephyr/lib/libc/minimal/liblib__libc__minimal.a(stdout_console.c.obj)
 .comment       0x0000000000000079       0x7a zephyr/lib/libc/minimal/liblib__libc__minimal.a(fprintf.c.obj)
 .comment       0x0000000000000079       0x7a zephyr/soc/arm/common/cortex_m/libsoc__arm__common__cortex_m.a(arm_mpu_regions.c.obj)
 .comment       0x0000000000000079       0x7a zephyr/soc/arm/nordic_nrf/nrf52/libsoc__arm__nordic_nrf__nrf52.a(soc.c.obj)
 .comment       0x0000000000000079       0x7a zephyr/drivers/gpio/libdrivers__gpio.a(gpio_nrfx.c.obj)
 .comment       0x0000000000000079       0x7a zephyr/drivers/i2c/libdrivers__i2c.a(i2c_nrfx_twi.c.obj)
 .comment       0x0000000000000079       0x7a zephyr/drivers/serial/libdrivers__serial.a(uart_nrfx_uarte.c.obj)
 .comment       0x0000000000000079       0x7a modules/nrf/lib/fatal_error/lib..__nrf__lib__fatal_error.a(fatal_error.c.obj)
 .comment       0x0000000000000079       0x7a modules/nordic/lib..__modules__hal__nordic.a(system_nrf52.c.obj)
 .comment       0x0000000000000079       0x7a modules/nordic/lib..__modules__hal__nordic.a(nrfx_glue.c.obj)
 .comment       0x0000000000000079       0x7a modules/nordic/lib..__modules__hal__nordic.a(nrfx_clock.c.obj)
 .comment       0x0000000000000079       0x7a modules/nordic/lib..__modules__hal__nordic.a(nrfx_ppi.c.obj)
 .comment       0x0000000000000079       0x7a modules/nordic/lib..__modules__hal__nordic.a(nrfx_twi.c.obj)
 .comment       0x0000000000000079       0x7a zephyr/kernel/libkernel.a(device.c.obj)
 .comment       0x0000000000000079       0x7a zephyr/kernel/libkernel.a(errno.c.obj)
 .comment       0x0000000000000079       0x7a zephyr/kernel/libkernel.a(fatal.c.obj)
 .comment       0x0000000000000079       0x7a zephyr/kernel/libkernel.a(idle.c.obj)
 .comment       0x0000000000000079       0x7a zephyr/kernel/libkernel.a(init.c.obj)
 .comment       0x0000000000000079       0x7a zephyr/kernel/libkernel.a(sched.c.obj)
 .comment       0x0000000000000079       0x7a zephyr/kernel/libkernel.a(sem.c.obj)
 .comment       0x0000000000000079       0x7a zephyr/kernel/libkernel.a(thread.c.obj)
 .comment       0x0000000000000079       0x7a zephyr/kernel/libkernel.a(thread_abort.c.obj)
 .comment       0x0000000000000079       0x7a zephyr/kernel/libkernel.a(timeout.c.obj)
 .comment       0x0000000000000079       0x7a zephyr/kernel/libkernel.a(kheap.c.obj)
 .comment       0x0000000000000079       0x7a zephyr/CMakeFiles/offsets.dir/arch/arm/core/offsets/offsets.c.obj
 .comment       0x0000000000000079       0x7a zephyr/arch/common/libisr_tables.a(isr_tables.c.obj)

.debug
 *(SORT_BY_ALIGNMENT(.debug))

.line
 *(SORT_BY_ALIGNMENT(.line))

.debug_srcinfo
 *(SORT_BY_ALIGNMENT(.debug_srcinfo))

.debug_sfnames
 *(SORT_BY_ALIGNMENT(.debug_sfnames))

.debug_aranges  0x0000000000000000     0x1188
 *(SORT_BY_ALIGNMENT(.debug_aranges))
 .debug_aranges
                0x0000000000000000       0x28 zephyr/arch/arch/arm/core/aarch32/libarch__arm__core__aarch32.a(swap_helper.S.obj)
 .debug_aranges
                0x0000000000000028       0x30 zephyr/arch/arch/arm/core/aarch32/libarch__arm__core__aarch32.a(cpu_idle.S.obj)
 .debug_aranges
                0x0000000000000058       0x20 zephyr/arch/arch/arm/core/aarch32/libarch__arm__core__aarch32.a(nmi_on_reset.S.obj)
 .debug_aranges
                0x0000000000000078       0x20 zephyr/arch/arch/arm/core/aarch32/libarch__arm__core__aarch32.a(isr_wrapper.S.obj)
 .debug_aranges
                0x0000000000000098       0x20 zephyr/arch/arch/arm/core/aarch32/cortex_m/libarch__arm__core__aarch32__cortex_m.a(reset.S.obj)
 .debug_aranges
                0x00000000000000b8       0x20 zephyr/arch/arch/arm/core/aarch32/cortex_m/libarch__arm__core__aarch32__cortex_m.a(fault_s.S.obj)
 .debug_aranges
                0x00000000000000d8       0x20 zephyr/arch/arch/arm/core/aarch32/cortex_m/libarch__arm__core__aarch32__cortex_m.a(exc_exit.S.obj)
 .debug_aranges
                0x00000000000000f8       0x38 app/libapp.a(main.c.obj)
 .debug_aranges
                0x0000000000000130       0x28 zephyr/libzephyr.a(notify.c.obj)
 .debug_aranges
                0x0000000000000158       0x68 zephyr/libzephyr.a(printk.c.obj)
 .debug_aranges
                0x00000000000001c0       0x88 zephyr/libzephyr.a(onoff.c.obj)
 .debug_aranges
                0x0000000000000248       0x20 zephyr/libzephyr.a(thread_entry.c.obj)
 .debug_aranges
                0x0000000000000268       0x98 zephyr/libzephyr.a(heap.c.obj)
 .debug_aranges
                0x0000000000000300       0x58 zephyr/libzephyr.a(cbprintf_complete.c.obj)
 .debug_aranges
                0x0000000000000358       0x20 zephyr/libzephyr.a(configs.c.obj)
 .debug_aranges
                0x0000000000000378       0x28 zephyr/libzephyr.a(uart_console.c.obj)
 .debug_aranges
                0x00000000000003a0       0xc8 zephyr/libzephyr.a(clock_control_nrf.c.obj)
 .debug_aranges
                0x0000000000000468       0x40 zephyr/libzephyr.a(sys_clock_init.c.obj)
 .debug_aranges
                0x00000000000004a8       0x48 zephyr/libzephyr.a(nrf_rtc_timer.c.obj)
 .debug_aranges
                0x00000000000004f0      0x120 zephyr/libzephyr.a(SEGGER_RTT.c.obj)
 .debug_aranges
                0x0000000000000610       0x20 zephyr/libzephyr.a(SEGGER_RTT_zephyr.c.obj)
 .debug_aranges
                0x0000000000000630       0x20 zephyr/arch/arch/arm/core/aarch32/libarch__arm__core__aarch32.a(swap.c.obj)
 .debug_aranges
                0x0000000000000650       0x48 zephyr/arch/arch/arm/core/aarch32/libarch__arm__core__aarch32.a(irq_manage.c.obj)
 .debug_aranges
                0x0000000000000698       0x30 zephyr/arch/arch/arm/core/aarch32/libarch__arm__core__aarch32.a(thread.c.obj)
 .debug_aranges
                0x00000000000006c8       0x30 zephyr/arch/arch/arm/core/aarch32/libarch__arm__core__aarch32.a(fatal.c.obj)
 .debug_aranges
                0x00000000000006f8       0x20 zephyr/arch/arch/arm/core/aarch32/libarch__arm__core__aarch32.a(nmi.c.obj)
 .debug_aranges
                0x0000000000000718       0x20 zephyr/arch/arch/arm/core/aarch32/libarch__arm__core__aarch32.a(prep_c.c.obj)
 .debug_aranges
                0x0000000000000738       0x40 zephyr/arch/arch/arm/core/aarch32/cortex_m/libarch__arm__core__aarch32__cortex_m.a(fault.c.obj)
 .debug_aranges
                0x0000000000000778       0x20 zephyr/arch/arch/arm/core/aarch32/cortex_m/libarch__arm__core__aarch32__cortex_m.a(irq_init.c.obj)
 .debug_aranges
                0x0000000000000798       0x20 zephyr/arch/arch/arm/core/aarch32/cortex_m/libarch__arm__core__aarch32__cortex_m.a(thread_abort.c.obj)
 .debug_aranges
                0x00000000000007b8       0x28 zephyr/arch/arch/arm/core/aarch32/cortex_m/mpu/libarch__arm__core__aarch32__cortex_m__mpu.a(arm_core_mpu.c.obj)
 .debug_aranges
                0x00000000000007e0       0x48 zephyr/arch/arch/arm/core/aarch32/cortex_m/mpu/libarch__arm__core__aarch32__cortex_m__mpu.a(arm_mpu.c.obj)
 .debug_aranges
                0x0000000000000828       0x98 zephyr/lib/libc/minimal/liblib__libc__minimal.a(string.c.obj)
 .debug_aranges
                0x00000000000008c0       0x58 zephyr/lib/libc/minimal/liblib__libc__minimal.a(stdout_console.c.obj)
 .debug_aranges
                0x0000000000000918       0x38 zephyr/lib/libc/minimal/liblib__libc__minimal.a(fprintf.c.obj)
 .debug_aranges
                0x0000000000000950       0x18 zephyr/soc/arm/common/cortex_m/libsoc__arm__common__cortex_m.a(arm_mpu_regions.c.obj)
 .debug_aranges
                0x0000000000000968       0x38 zephyr/soc/arm/nordic_nrf/nrf52/libsoc__arm__nordic_nrf__nrf52.a(soc.c.obj)
 .debug_aranges
                0x00000000000009a0       0x70 zephyr/drivers/gpio/libdrivers__gpio.a(gpio_nrfx.c.obj)
 .debug_aranges
                0x0000000000000a10       0x38 zephyr/drivers/i2c/libdrivers__i2c.a(i2c_nrfx_twi.c.obj)
 .debug_aranges
                0x0000000000000a48       0x58 zephyr/drivers/serial/libdrivers__serial.a(uart_nrfx_uarte.c.obj)
 .debug_aranges
                0x0000000000000aa0       0x20 modules/nrf/lib/fatal_error/lib..__nrf__lib__fatal_error.a(fatal_error.c.obj)
 .debug_aranges
                0x0000000000000ac0       0x48 modules/nordic/lib..__modules__hal__nordic.a(system_nrf52.c.obj)
 .debug_aranges
                0x0000000000000b08       0x30 modules/nordic/lib..__modules__hal__nordic.a(nrfx_glue.c.obj)
 .debug_aranges
                0x0000000000000b38       0x68 modules/nordic/lib..__modules__hal__nordic.a(nrfx_clock.c.obj)
 .debug_aranges
                0x0000000000000ba0       0x80 modules/nordic/lib..__modules__hal__nordic.a(nrfx_ppi.c.obj)
 .debug_aranges
                0x0000000000000c20       0x80 modules/nordic/lib..__modules__hal__nordic.a(nrfx_twi.c.obj)
 .debug_aranges
                0x0000000000000ca0       0x40 zephyr/kernel/libkernel.a(device.c.obj)
 .debug_aranges
                0x0000000000000ce0       0x20 zephyr/kernel/libkernel.a(errno.c.obj)
 .debug_aranges
                0x0000000000000d00       0x50 zephyr/kernel/libkernel.a(fatal.c.obj)
 .debug_aranges
                0x0000000000000d50       0x28 zephyr/kernel/libkernel.a(idle.c.obj)
 .debug_aranges
                0x0000000000000d78       0x40 zephyr/kernel/libkernel.a(init.c.obj)
 .debug_aranges
                0x0000000000000db8      0x1d0 zephyr/kernel/libkernel.a(sched.c.obj)
 .debug_aranges
                0x0000000000000f88       0x30 zephyr/kernel/libkernel.a(sem.c.obj)
 .debug_aranges
                0x0000000000000fb8       0xa0 zephyr/kernel/libkernel.a(thread.c.obj)
 .debug_aranges
                0x0000000000001058       0x20 zephyr/kernel/libkernel.a(thread_abort.c.obj)
 .debug_aranges
                0x0000000000001078       0x90 zephyr/kernel/libkernel.a(timeout.c.obj)
 .debug_aranges
                0x0000000000001108       0x48 zephyr/kernel/libkernel.a(kheap.c.obj)
 .debug_aranges
                0x0000000000001150       0x20 zephyr/CMakeFiles/offsets.dir/arch/arm/core/offsets/offsets.c.obj
 .debug_aranges
                0x0000000000001170       0x18 zephyr/arch/common/libisr_tables.a(isr_tables.c.obj)

.debug_pubnames
 *(SORT_BY_ALIGNMENT(.debug_pubnames))

.debug_info     0x0000000000000000    0x42550
 *(SORT_BY_ALIGNMENT(.debug_info) SORT_BY_ALIGNMENT(.gnu.linkonce.wi.*))
 .debug_info    0x0000000000000000     0x1213 app/libapp.a(main.c.obj)
 .debug_info    0x0000000000001213      0xa1b zephyr/libzephyr.a(notify.c.obj)
 .debug_info    0x0000000000001c2e      0xcf9 zephyr/libzephyr.a(printk.c.obj)
 .debug_info    0x0000000000002927     0x292b zephyr/libzephyr.a(onoff.c.obj)
 .debug_info    0x0000000000005252      0x94e zephyr/libzephyr.a(thread_entry.c.obj)
 .debug_info    0x0000000000005ba0     0x26dd zephyr/libzephyr.a(heap.c.obj)
 .debug_info    0x000000000000827d     0x161b zephyr/libzephyr.a(cbprintf_complete.c.obj)
 .debug_info    0x0000000000009898       0x38 zephyr/libzephyr.a(configs.c.obj)
 .debug_info    0x00000000000098d0      0xcbe zephyr/libzephyr.a(uart_console.c.obj)
 .debug_info    0x000000000000a58e     0x480a zephyr/libzephyr.a(clock_control_nrf.c.obj)
 .debug_info    0x000000000000ed98      0xa65 zephyr/libzephyr.a(sys_clock_init.c.obj)
 .debug_info    0x000000000000f7fd     0x1f22 zephyr/libzephyr.a(nrf_rtc_timer.c.obj)
 .debug_info    0x000000000001171f     0x1e8f zephyr/libzephyr.a(SEGGER_RTT.c.obj)
 .debug_info    0x00000000000135ae      0xadb zephyr/libzephyr.a(SEGGER_RTT_zephyr.c.obj)
 .debug_info    0x0000000000014089      0xaa7 zephyr/arch/arch/arm/core/aarch32/libarch__arm__core__aarch32.a(swap.c.obj)
 .debug_info    0x0000000000014b30      0xeda zephyr/arch/arch/arm/core/aarch32/libarch__arm__core__aarch32.a(irq_manage.c.obj)
 .debug_info    0x0000000000015a0a      0xb9d zephyr/arch/arch/arm/core/aarch32/libarch__arm__core__aarch32.a(thread.c.obj)
 .debug_info    0x00000000000165a7      0xd4e zephyr/arch/arch/arm/core/aarch32/libarch__arm__core__aarch32.a(fatal.c.obj)
 .debug_info    0x00000000000172f5      0x848 zephyr/arch/arch/arm/core/aarch32/libarch__arm__core__aarch32.a(nmi.c.obj)
 .debug_info    0x0000000000017b3d      0xd26 zephyr/arch/arch/arm/core/aarch32/libarch__arm__core__aarch32.a(prep_c.c.obj)
 .debug_info    0x0000000000018863       0x22 zephyr/arch/arch/arm/core/aarch32/libarch__arm__core__aarch32.a(swap_helper.S.obj)
 .debug_info    0x0000000000018885       0x22 zephyr/arch/arch/arm/core/aarch32/libarch__arm__core__aarch32.a(cpu_idle.S.obj)
 .debug_info    0x00000000000188a7       0x26 zephyr/arch/arch/arm/core/aarch32/libarch__arm__core__aarch32.a(nmi_on_reset.S.obj)
 .debug_info    0x00000000000188cd       0x26 zephyr/arch/arch/arm/core/aarch32/libarch__arm__core__aarch32.a(isr_wrapper.S.obj)
 .debug_info    0x00000000000188f3       0x26 zephyr/arch/arch/arm/core/aarch32/cortex_m/libarch__arm__core__aarch32__cortex_m.a(reset.S.obj)
 .debug_info    0x0000000000018919       0x26 zephyr/arch/arch/arm/core/aarch32/cortex_m/libarch__arm__core__aarch32__cortex_m.a(fault_s.S.obj)
 .debug_info    0x000000000001893f       0x26 zephyr/arch/arch/arm/core/aarch32/cortex_m/libarch__arm__core__aarch32__cortex_m.a(exc_exit.S.obj)
 .debug_info    0x0000000000018965     0x177a zephyr/arch/arch/arm/core/aarch32/cortex_m/libarch__arm__core__aarch32__cortex_m.a(fault.c.obj)
 .debug_info    0x000000000001a0df      0x66d zephyr/arch/arch/arm/core/aarch32/cortex_m/libarch__arm__core__aarch32__cortex_m.a(irq_init.c.obj)
 .debug_info    0x000000000001a74c      0xb7f zephyr/arch/arch/arm/core/aarch32/cortex_m/libarch__arm__core__aarch32__cortex_m.a(thread_abort.c.obj)
 .debug_info    0x000000000001b2cb      0xbf8 zephyr/arch/arch/arm/core/aarch32/cortex_m/mpu/libarch__arm__core__aarch32__cortex_m__mpu.a(arm_core_mpu.c.obj)
 .debug_info    0x000000000001bec3     0x1471 zephyr/arch/arch/arm/core/aarch32/cortex_m/mpu/libarch__arm__core__aarch32__cortex_m__mpu.a(arm_mpu.c.obj)
 .debug_info    0x000000000001d334      0x7bb zephyr/lib/libc/minimal/liblib__libc__minimal.a(string.c.obj)
 .debug_info    0x000000000001daef      0x698 zephyr/lib/libc/minimal/liblib__libc__minimal.a(stdout_console.c.obj)
 .debug_info    0x000000000001e187      0x25d zephyr/lib/libc/minimal/liblib__libc__minimal.a(fprintf.c.obj)
 .debug_info    0x000000000001e3e4      0x1f7 zephyr/soc/arm/common/cortex_m/libsoc__arm__common__cortex_m.a(arm_mpu_regions.c.obj)
 .debug_info    0x000000000001e5db     0x12ef zephyr/soc/arm/nordic_nrf/nrf52/libsoc__arm__nordic_nrf__nrf52.a(soc.c.obj)
 .debug_info    0x000000000001f8ca     0x2fe1 zephyr/drivers/gpio/libdrivers__gpio.a(gpio_nrfx.c.obj)
 .debug_info    0x00000000000228ab     0x1a70 zephyr/drivers/i2c/libdrivers__i2c.a(i2c_nrfx_twi.c.obj)
 .debug_info    0x000000000002431b     0x3650 zephyr/drivers/serial/libdrivers__serial.a(uart_nrfx_uarte.c.obj)
 .debug_info    0x000000000002796b      0xff8 modules/nrf/lib/fatal_error/lib..__nrf__lib__fatal_error.a(fatal_error.c.obj)
 .debug_info    0x0000000000028963     0x1428 modules/nordic/lib..__modules__hal__nordic.a(system_nrf52.c.obj)
 .debug_info    0x0000000000029d8b      0x9ad modules/nordic/lib..__modules__hal__nordic.a(nrfx_glue.c.obj)
 .debug_info    0x000000000002a738     0x198c modules/nordic/lib..__modules__hal__nordic.a(nrfx_clock.c.obj)
 .debug_info    0x000000000002c0c4     0x1c9d modules/nordic/lib..__modules__hal__nordic.a(nrfx_ppi.c.obj)
 .debug_info    0x000000000002dd61     0x30df modules/nordic/lib..__modules__hal__nordic.a(nrfx_twi.c.obj)
 .debug_info    0x0000000000030e40      0xc92 zephyr/kernel/libkernel.a(device.c.obj)
 .debug_info    0x0000000000031ad2      0x8a4 zephyr/kernel/libkernel.a(errno.c.obj)
 .debug_info    0x0000000000032376     0x143e zephyr/kernel/libkernel.a(fatal.c.obj)
 .debug_info    0x00000000000337b4      0xd20 zephyr/kernel/libkernel.a(idle.c.obj)
 .debug_info    0x00000000000344d4     0x1c4a zephyr/kernel/libkernel.a(init.c.obj)
 .debug_info    0x000000000003611e     0x5b0a zephyr/kernel/libkernel.a(sched.c.obj)
 .debug_info    0x000000000003bc28      0xe04 zephyr/kernel/libkernel.a(sem.c.obj)
 .debug_info    0x000000000003ca2c     0x1920 zephyr/kernel/libkernel.a(thread.c.obj)
 .debug_info    0x000000000003e34c      0xb3d zephyr/kernel/libkernel.a(thread_abort.c.obj)
 .debug_info    0x000000000003ee89     0x1c28 zephyr/kernel/libkernel.a(timeout.c.obj)
 .debug_info    0x0000000000040ab1     0x1027 zephyr/kernel/libkernel.a(kheap.c.obj)
 .debug_info    0x0000000000041ad8      0x858 zephyr/CMakeFiles/offsets.dir/arch/arm/core/offsets/offsets.c.obj
 .debug_info    0x0000000000042330      0x220 zephyr/arch/common/libisr_tables.a(isr_tables.c.obj)

.debug_abbrev   0x0000000000000000     0xaf7c
 *(SORT_BY_ALIGNMENT(.debug_abbrev))
 .debug_abbrev  0x0000000000000000      0x374 app/libapp.a(main.c.obj)
 .debug_abbrev  0x0000000000000374      0x257 zephyr/libzephyr.a(notify.c.obj)
 .debug_abbrev  0x00000000000005cb      0x329 zephyr/libzephyr.a(printk.c.obj)
 .debug_abbrev  0x00000000000008f4      0x55a zephyr/libzephyr.a(onoff.c.obj)
 .debug_abbrev  0x0000000000000e4e      0x229 zephyr/libzephyr.a(thread_entry.c.obj)
 .debug_abbrev  0x0000000000001077      0x467 zephyr/libzephyr.a(heap.c.obj)
 .debug_abbrev  0x00000000000014de      0x413 zephyr/libzephyr.a(cbprintf_complete.c.obj)
 .debug_abbrev  0x00000000000018f1       0x2e zephyr/libzephyr.a(configs.c.obj)
 .debug_abbrev  0x000000000000191f      0x348 zephyr/libzephyr.a(uart_console.c.obj)
 .debug_abbrev  0x0000000000001c67      0x7f5 zephyr/libzephyr.a(clock_control_nrf.c.obj)
 .debug_abbrev  0x000000000000245c      0x234 zephyr/libzephyr.a(sys_clock_init.c.obj)
 .debug_abbrev  0x0000000000002690      0x521 zephyr/libzephyr.a(nrf_rtc_timer.c.obj)
 .debug_abbrev  0x0000000000002bb1      0x39b zephyr/libzephyr.a(SEGGER_RTT.c.obj)
 .debug_abbrev  0x0000000000002f4c      0x1ed zephyr/libzephyr.a(SEGGER_RTT_zephyr.c.obj)
 .debug_abbrev  0x0000000000003139      0x215 zephyr/arch/arch/arm/core/aarch32/libarch__arm__core__aarch32.a(swap.c.obj)
 .debug_abbrev  0x000000000000334e      0x350 zephyr/arch/arch/arm/core/aarch32/libarch__arm__core__aarch32.a(irq_manage.c.obj)
 .debug_abbrev  0x000000000000369e      0x2b9 zephyr/arch/arch/arm/core/aarch32/libarch__arm__core__aarch32.a(thread.c.obj)
 .debug_abbrev  0x0000000000003957      0x338 zephyr/arch/arch/arm/core/aarch32/libarch__arm__core__aarch32.a(fatal.c.obj)
 .debug_abbrev  0x0000000000003c8f      0x19b zephyr/arch/arch/arm/core/aarch32/libarch__arm__core__aarch32.a(nmi.c.obj)
 .debug_abbrev  0x0000000000003e2a      0x2b3 zephyr/arch/arch/arm/core/aarch32/libarch__arm__core__aarch32.a(prep_c.c.obj)
 .debug_abbrev  0x00000000000040dd       0x12 zephyr/arch/arch/arm/core/aarch32/libarch__arm__core__aarch32.a(swap_helper.S.obj)
 .debug_abbrev  0x00000000000040ef       0x12 zephyr/arch/arch/arm/core/aarch32/libarch__arm__core__aarch32.a(cpu_idle.S.obj)
 .debug_abbrev  0x0000000000004101       0x14 zephyr/arch/arch/arm/core/aarch32/libarch__arm__core__aarch32.a(nmi_on_reset.S.obj)
 .debug_abbrev  0x0000000000004115       0x14 zephyr/arch/arch/arm/core/aarch32/libarch__arm__core__aarch32.a(isr_wrapper.S.obj)
 .debug_abbrev  0x0000000000004129       0x14 zephyr/arch/arch/arm/core/aarch32/cortex_m/libarch__arm__core__aarch32__cortex_m.a(reset.S.obj)
 .debug_abbrev  0x000000000000413d       0x14 zephyr/arch/arch/arm/core/aarch32/cortex_m/libarch__arm__core__aarch32__cortex_m.a(fault_s.S.obj)
 .debug_abbrev  0x0000000000004151       0x14 zephyr/arch/arch/arm/core/aarch32/cortex_m/libarch__arm__core__aarch32__cortex_m.a(exc_exit.S.obj)
 .debug_abbrev  0x0000000000004165      0x46c zephyr/arch/arch/arm/core/aarch32/cortex_m/libarch__arm__core__aarch32__cortex_m.a(fault.c.obj)
 .debug_abbrev  0x00000000000045d1      0x1e4 zephyr/arch/arch/arm/core/aarch32/cortex_m/libarch__arm__core__aarch32__cortex_m.a(irq_init.c.obj)
 .debug_abbrev  0x00000000000047b5      0x2c0 zephyr/arch/arch/arm/core/aarch32/cortex_m/libarch__arm__core__aarch32__cortex_m.a(thread_abort.c.obj)
 .debug_abbrev  0x0000000000004a75      0x208 zephyr/arch/arch/arm/core/aarch32/cortex_m/mpu/libarch__arm__core__aarch32__cortex_m__mpu.a(arm_core_mpu.c.obj)
 .debug_abbrev  0x0000000000004c7d      0x4a1 zephyr/arch/arch/arm/core/aarch32/cortex_m/mpu/libarch__arm__core__aarch32__cortex_m__mpu.a(arm_mpu.c.obj)
 .debug_abbrev  0x000000000000511e      0x191 zephyr/lib/libc/minimal/liblib__libc__minimal.a(string.c.obj)
 .debug_abbrev  0x00000000000052af      0x25a zephyr/lib/libc/minimal/liblib__libc__minimal.a(stdout_console.c.obj)
 .debug_abbrev  0x0000000000005509      0x13b zephyr/lib/libc/minimal/liblib__libc__minimal.a(fprintf.c.obj)
 .debug_abbrev  0x0000000000005644       0xf1 zephyr/soc/arm/common/cortex_m/libsoc__arm__common__cortex_m.a(arm_mpu_regions.c.obj)
 .debug_abbrev  0x0000000000005735      0x3ef zephyr/soc/arm/nordic_nrf/nrf52/libsoc__arm__nordic_nrf__nrf52.a(soc.c.obj)
 .debug_abbrev  0x0000000000005b24      0x579 zephyr/drivers/gpio/libdrivers__gpio.a(gpio_nrfx.c.obj)
 .debug_abbrev  0x000000000000609d      0x498 zephyr/drivers/i2c/libdrivers__i2c.a(i2c_nrfx_twi.c.obj)
 .debug_abbrev  0x0000000000006535      0x581 zephyr/drivers/serial/libdrivers__serial.a(uart_nrfx_uarte.c.obj)
 .debug_abbrev  0x0000000000006ab6      0x269 modules/nrf/lib/fatal_error/lib..__nrf__lib__fatal_error.a(fatal_error.c.obj)
 .debug_abbrev  0x0000000000006d1f      0x2f2 modules/nordic/lib..__modules__hal__nordic.a(system_nrf52.c.obj)
 .debug_abbrev  0x0000000000007011      0x244 modules/nordic/lib..__modules__hal__nordic.a(nrfx_glue.c.obj)
 .debug_abbrev  0x0000000000007255      0x4c5 modules/nordic/lib..__modules__hal__nordic.a(nrfx_clock.c.obj)
 .debug_abbrev  0x000000000000771a      0x476 modules/nordic/lib..__modules__hal__nordic.a(nrfx_ppi.c.obj)
 .debug_abbrev  0x0000000000007b90      0x4dd modules/nordic/lib..__modules__hal__nordic.a(nrfx_twi.c.obj)
 .debug_abbrev  0x000000000000806d      0x34a zephyr/kernel/libkernel.a(device.c.obj)
 .debug_abbrev  0x00000000000083b7      0x1a0 zephyr/kernel/libkernel.a(errno.c.obj)
 .debug_abbrev  0x0000000000008557      0x437 zephyr/kernel/libkernel.a(fatal.c.obj)
 .debug_abbrev  0x000000000000898e      0x349 zephyr/kernel/libkernel.a(idle.c.obj)
 .debug_abbrev  0x0000000000008cd7      0x5ed zephyr/kernel/libkernel.a(init.c.obj)
 .debug_abbrev  0x00000000000092c4      0x652 zephyr/kernel/libkernel.a(sched.c.obj)
 .debug_abbrev  0x0000000000009916      0x36e zephyr/kernel/libkernel.a(sem.c.obj)
 .debug_abbrev  0x0000000000009c84      0x555 zephyr/kernel/libkernel.a(thread.c.obj)
 .debug_abbrev  0x000000000000a1d9      0x2e7 zephyr/kernel/libkernel.a(thread_abort.c.obj)
 .debug_abbrev  0x000000000000a4c0      0x4b5 zephyr/kernel/libkernel.a(timeout.c.obj)
 .debug_abbrev  0x000000000000a975      0x388 zephyr/kernel/libkernel.a(kheap.c.obj)
 .debug_abbrev  0x000000000000acfd      0x18c zephyr/CMakeFiles/offsets.dir/arch/arm/core/offsets/offsets.c.obj
 .debug_abbrev  0x000000000000ae89       0xf3 zephyr/arch/common/libisr_tables.a(isr_tables.c.obj)

.debug_line     0x0000000000000000    0x1b432
 *(SORT_BY_ALIGNMENT(.debug_line) SORT_BY_ALIGNMENT(.debug_line.*) SORT_BY_ALIGNMENT(.debug_line_end))
 .debug_line    0x0000000000000000      0x63f app/libapp.a(main.c.obj)
 .debug_line    0x000000000000063f      0x3d2 zephyr/libzephyr.a(notify.c.obj)
 .debug_line    0x0000000000000a11      0x54b zephyr/libzephyr.a(printk.c.obj)
 .debug_line    0x0000000000000f5c     0x12cc zephyr/libzephyr.a(onoff.c.obj)
 .debug_line    0x0000000000002228      0x3b8 zephyr/libzephyr.a(thread_entry.c.obj)